Archive member included to satisfy reference by file (symbol)

/opt/devkitpro/libgba/lib/libgba.a(CpuSet.o)
                              coresys_cpu.o (CpuSet)
/opt/devkitpro/libgba/lib/libgba.a(interrupt.o)
                              coretask_irq.o (irqInit)
/opt/devkitpro/libgba/lib/libgba.a(InterruptDispatcher.o)
                              /opt/devkitpro/libgba/lib/libgba.a(interrupt.o) (IntrMain)
/opt/devkitpro/devkitARM/bin/../lib/gcc/arm-none-eabi/14.2.0/thumb/libgcc.a(_arm_mulsf3.o)
                              coreutil_math.o (__aeabi_fmul)
/opt/devkitpro/devkitARM/bin/../lib/gcc/arm-none-eabi/14.2.0/thumb/libgcc.a(_udivsi3.o)
                              coreutil_memory.o (__aeabi_uidiv)
/opt/devkitpro/devkitARM/bin/../lib/gcc/arm-none-eabi/14.2.0/thumb/libgcc.a(_divsi3.o)
                              coreutil_va.o (__aeabi_idiv)
/opt/devkitpro/devkitARM/bin/../lib/gcc/arm-none-eabi/14.2.0/thumb/libgcc.a(_dvmd_tls.o)
                              /opt/devkitpro/devkitARM/bin/../lib/gcc/arm-none-eabi/14.2.0/thumb/libgcc.a(_udivsi3.o) (__aeabi_idiv0)
/opt/devkitpro/devkitARM/bin/../lib/gcc/arm-none-eabi/14.2.0/thumb/libgcc.a(_arm_addsubdf3.o)
                              coretask_run.o (__aeabi_f2d)
/opt/devkitpro/devkitARM/bin/../lib/gcc/arm-none-eabi/14.2.0/thumb/libgcc.a(_arm_cmpdf2.o)
                              coretask_run.o (__aeabi_dcmplt)
/opt/devkitpro/devkitARM/bin/../lib/gcc/arm-none-eabi/14.2.0/thumb/libgcc.a(_arm_addsubsf3.o)
                              coreutil_math.o (__aeabi_fsub)
/opt/devkitpro/devkitARM/bin/../lib/gcc/arm-none-eabi/14.2.0/thumb/libgcc.a(_arm_muldivsf3.o)
                              coreutil_math.o (__aeabi_fdiv)
/opt/devkitpro/devkitARM/bin/../lib/gcc/arm-none-eabi/14.2.0/thumb/libgcc.a(_arm_cmpsf2.o)
                              coreutil_math.o (__aeabi_fcmplt)
/opt/devkitpro/devkitARM/bin/../lib/gcc/arm-none-eabi/14.2.0/thumb/libgcc.a(_arm_fixsfsi.o)
                              coreutil_va.o (__aeabi_f2iz)
/opt/devkitpro/devkitARM/bin/../lib/gcc/arm-none-eabi/14.2.0/thumb/libgcc.a(_arm_fixunssfsi.o)
                              coretask_rendering.o (__aeabi_f2uiz)
/opt/devkitpro/devkitARM/bin/../lib/gcc/arm-none-eabi/14.2.0/thumb/libgcc.a(_sync_none.o)
                              (__sync_synchronize_none)
/opt/devkitpro/devkitARM/bin/../lib/gcc/arm-none-eabi/14.2.0/../../../../arm-none-eabi/lib/thumb/libg.a(libc_a-vsnprintf.o)
                              coreutil_va.o (vsnprintf)
/opt/devkitpro/devkitARM/bin/../lib/gcc/arm-none-eabi/14.2.0/../../../../arm-none-eabi/lib/thumb/libg.a(libc_a-svfprintf.o)
                              /opt/devkitpro/devkitARM/bin/../lib/gcc/arm-none-eabi/14.2.0/../../../../arm-none-eabi/lib/thumb/libg.a(libc_a-vsnprintf.o) (_svfprintf_r)
/opt/devkitpro/devkitARM/bin/../lib/gcc/arm-none-eabi/14.2.0/../../../../arm-none-eabi/lib/thumb/libg.a(libc_a-memcpy-stub.o)
                              bg_dobj.o (memcpy)
/opt/devkitpro/devkitARM/bin/../lib/gcc/arm-none-eabi/14.2.0/../../../../arm-none-eabi/lib/thumb/libg.a(libc_a-memset.o)
                              /opt/devkitpro/devkitARM/bin/../lib/gcc/arm-none-eabi/14.2.0/../../../../arm-none-eabi/lib/thumb/libg.a(libc_a-svfprintf.o) (memset)
/opt/devkitpro/devkitARM/bin/../lib/gcc/arm-none-eabi/14.2.0/../../../../arm-none-eabi/lib/thumb/libg.a(libc_a-snprintf.o)
                              coreutil_va.o (snprintf)
/opt/devkitpro/devkitARM/bin/../lib/gcc/arm-none-eabi/14.2.0/../../../../arm-none-eabi/lib/thumb/libg.a(libc_a-strncpy.o)
                              /opt/devkitpro/devkitARM/bin/../lib/gcc/arm-none-eabi/14.2.0/../../../../arm-none-eabi/lib/thumb/libg.a(libc_a-svfprintf.o) (strncpy)
/opt/devkitpro/devkitARM/bin/../lib/gcc/arm-none-eabi/14.2.0/../../../../arm-none-eabi/lib/thumb/libg.a(libc_a-wcsrtombs.o)
                              /opt/devkitpro/devkitARM/bin/../lib/gcc/arm-none-eabi/14.2.0/../../../../arm-none-eabi/lib/thumb/libg.a(libc_a-svfprintf.o) (_wcsrtombs_r)
/opt/devkitpro/devkitARM/bin/../lib/gcc/arm-none-eabi/14.2.0/../../../../arm-none-eabi/lib/thumb/libg.a(libc_a-svfiprintf.o)
                              /opt/devkitpro/devkitARM/bin/../lib/gcc/arm-none-eabi/14.2.0/../../../../arm-none-eabi/lib/thumb/libg.a(libc_a-svfprintf.o) (__chclass)
/opt/devkitpro/devkitARM/bin/../lib/gcc/arm-none-eabi/14.2.0/../../../../arm-none-eabi/lib/thumb/libg.a(libc_a-init.o)
                              /opt/devkitpro/devkitARM/bin/../lib/gcc/arm-none-eabi/14.2.0/../../../../arm-none-eabi/lib/thumb/gba_crt0.o (__libc_init_array)
/opt/devkitpro/devkitARM/bin/../lib/gcc/arm-none-eabi/14.2.0/../../../../arm-none-eabi/lib/thumb/libg.a(libm_a-s_frexp.o)
                              /opt/devkitpro/devkitARM/bin/../lib/gcc/arm-none-eabi/14.2.0/../../../../arm-none-eabi/lib/thumb/libg.a(libc_a-svfprintf.o) (frexp)
/opt/devkitpro/devkitARM/bin/../lib/gcc/arm-none-eabi/14.2.0/../../../../arm-none-eabi/lib/thumb/libg.a(libc_a-strlen-stub.o)
[...]
Memory Configuration

Name             Origin             Length             Attributes
rom              0x08000000         0x02000000
iwram            0x03000000         0x00008000
ewram            0x02000000         0x00040000
*default*        0x00000000         0xffffffff

Linker script and memory map

                0x00000000                        __sync_synchronize = __sync_synchronize_none
                0x08000000                        __text_start = ORIGIN (rom)
                0x02040000                        __eheap_end = (ORIGIN (ewram) + LENGTH (ewram))
                0x03000000                        __iwram_start = ORIGIN (iwram)
                0x03008000                        __iwram_top = (ORIGIN (iwram) + LENGTH (iwram))
                0x03007fa0                        __sp_irq = (__iwram_top - 0x60)
                0x03007f00                        __sp_usr = (__sp_irq - 0xa0)
                0x03007ff8                        __irq_flags = 0x3007ff8
                0x08000000                        . = __text_start

.crt0           0x08000000      0x210
 *(.crt0)
 .crt0          0x08000000      0x210 /opt/devkitpro/devkitARM/bin/../lib/gcc/arm-none-eabi/14.2.0/../../../../arm-none-eabi/lib/thumb/gba_crt0.o
                0x08000000                _start
                0x080000c4                __boot_method
                0x080000c5                __slave_number
                0x080000e0                start_vector
                0x08000210                        . = ALIGN (0x4)

.init           0x08000210        0xc
 *(SORT_NONE(.init))
 .init          0x08000210        0x4 /opt/devkitpro/devkitARM/bin/../lib/gcc/arm-none-eabi/14.2.0/thumb/crti.o
                0x08000210                _init
 .init          0x08000214        0x8 /opt/devkitpro/devkitARM/bin/../lib/gcc/arm-none-eabi/14.2.0/thumb/crtn.o

.plt            0x0800021c        0x0
 *(.plt)
                0x0800021c                        . = ALIGN (0x4)

.text           0x08000220    0x15910
 *(EXCLUDE_FILE(*.iwram*) .text*)
 .text.__do_global_dtors_aux
                0x08000220       0x2c /opt/devkitpro/devkitARM/bin/../lib/gcc/arm-none-eabi/14.2.0/thumb/crtbegin.o
 .text.frame_dummy
                0x0800024c       0x24 /opt/devkitpro/devkitARM/bin/../lib/gcc/arm-none-eabi/14.2.0/thumb/crtbegin.o
 .text          0x08000270       0xd4 coregba.o
                0x08000270                get_core
                0x08000290                get_callback
                0x080002b4                get_engine
                0x080002d8                get_texture
                0x080002fc                get_audio
                0x08000320                get_color_picker
 .text          0x08000344      0x290 coreutil_math.o
                0x08000344                sqrti
                0x08000418                sqrtf
                0x08000580                clamp
 .text          0x080005d4      0x1d8 coreutil_memory.o
                0x080005d4                xmemcpy
                0x08000638                xmemset
                0x0800067c                xalloc
                0x08000754                xfree
 .text          0x080007ac      0x170 coreutil_rand.o
                0x080007cc                xsrand
                0x08000838                xrand
                0x080008b4                xrandint
 .text          0x0800091c      0xf44 coreutil_string.o
                0x0800091c                fnv1a_hash
                0x080009b8                fnv1a_hash_lite
                0x08000a3c                xstrcmp
                0x08000ac4                xstrlen
                0x08000b18                xstrcpy
                0x08000b78                xstrcat
                0x08000bcc                xstrrchr
                0x08000c70                xstrchr
                0x08000cf4                xstrncpy
                0x08000dc4                xstrstr
                0x08000f04                xstrdup
                0x08000fac                xstrtrim
                0x08001314                xitoa
                0x08001528                _split
                0x0800168c                xsplit
                0x08001778                xatoi
 .text          0x08001860      0x28c coreutil_va.o
                0x08001860                va_alloc
                0x08001934                va_f_alloc
 .text          0x08001aec      0x23c corekey_code.o
                0x08001aec                set_keycode_status
                0x08001bb4                keycode_pressed
                0x08001c18                add_keycode
                0x08001ca8                init_keyboard
 .text          0x08001d28      0x460 corekey_num.o
                0x08001d28                get_key_num
                0x08001db4                keynum_release
                0x08001e0c                keynum_release_all
                0x08001e8c                keynum_replace
                0x08001edc                unbind_allkeys
                0x08001f50                unbind_keynum
                0x08001fac                keynum_execute
                0x08002058                key_pressed
                0x080020b0                get_key
                0x0800210c                freeze_controls
 .text          0x08002188      0x448 corectx_gcm.o
                0x08002188                get_gcm
                0x080021ac                gcm_setflip
                0x080022b4                gcm_get_active_id
                0x080022d8                gcm_get_buffer_size
                0x080022fc                gcm_get_active_buffer
                0x08002320                gcm_get_draw_buffer
                0x0800236c                gcm_get_front_buffer
                0x08002390                gcm_get_back_buffer
                0x080023b4                gcm_init_body
                0x08002458                gcm_prepare_flip
                0x080024bc                gcm_clear_active_buffer
                0x08002508                gcm_clear_draw_buffer
                0x0800259c                gcm_set_clear_color
 .text          0x080025d0      0x1e8 corectx_virtual.o
                0x080025d0                get_virtual
                0x08002784                boot_virtual
 .text          0x080027b8      0x120 coregfx_basics.o
                0x080027b8                get_px_adr
                0x08002848                mx_put_pixel
 .text          0x080028d8      0x114 coregfx_circle.o
 .text          0x080029ec      0x3e8 coregfx_color.o
                0x080029ec                rgb_to_15bit
                0x08002a94                rgb15_to_rgb
                0x08002bd8                get_stab_color
                0x08002bf4                get_color_index
                0x08002c7c                replace_color
                0x08002cd8                get_color_at
                0x08002d2c                get_palette
                0x08002d48                set_palette
 .text          0x08002dd4      0x294 coregfx_colorpicker.o
                0x08002f8c                open_color_picker
                0x0800301c                close_color_picker
 .text          0x08003068      0x37c coregfx_sprites.o
                0x080030f4                purge_sprites
                0x08003264                register_sprite
                0x08003344                get_sprite
 .text          0x080033e4      0x224 coregfx_text.o
                0x080033e4                r_glyph_width
                0x0800346c                r_glyph_height
                0x08003488                r_textwidth
 .text          0x08003608      0x234 coretask_irq.o
                0x0800374c                irq_vblank
                0x08003808                run_task_irq
 .text          0x0800383c      0x128 coretask_rendering.o
                0x0800383c                run_task_rendering
 *fill*         0x08003964        0x4 ff
 .text          0x08003968      0x400 coretask_run.o
                0x08003bf8                run_tasks
 .text          0x08003d68      0x2fc coresave_eeprom.o
                0x08003ef8                eeprom_status
                0x08003f1c                save_to_eeprom
                0x08003fc0                load_from_eeprom
 .text          0x08004064      0x458 coresys_audio.o
                0x080041c4                purge_sfx
                0x08004260                register_sfx
                0x08004368                get_sfx
                0x08004408                set_audio_hz
 .text          0x080044bc      0x264 coresys_clock.o
                0x080044bc                clock_init
                0x08004514                clock
                0x08004578                clock_waittime
                0x080045f4                get_fps
                0x08004670                sleep
 .text          0x08004720      0x574 coresys_cpu.o
                0x08004720                CpuFill32
                0x0800476c                CpuFill16
                0x080047bc                CpuFastFill
                0x08004808                CpuFill
                0x080049e0                CpuCopy32
                0x08004a2c                CpuCopy16
                0x08004a74                CpuFastCopy
                0x08004abc                CpuCopy
 .text          0x08004c94      0xa2c coresys_malloc.o
                0x08004ec8                mx_malloc
                0x0800513c                mx_free
                0x0800538c                mx_realloc
                0x08005480                mx_calloc
                0x08005580                mmap_get_start_mem
                0x080055a4                mmap_get_end_mem
                0x080055c8                mmap_get_total_mem
                0x080055e4                mmap_get_used_mem
                0x0800560c                mmap_get_free_mem
                0x08005630                mmap_get_total_sector
                0x0800564c                mmap_get_used_sector
                0x08005670                mmap_get_free_sector
                0x080056a0                mmap_get_reserved_size
 .text          0x080056c0      0x8b0 coresys_mix_audio.o
                0x08005c4c                play_sfx
                0x08005cac                stop_sfx
                0x08005d94                audio_vsync
 .text          0x08005f70      0x630 coresys_playtime.o
                0x08005f70                get_playtime
                0x080063d8                get_playtime_str_format
 .text          0x080065a0      0x6c4 main.o
                0x080065a0                task_key_init
                0x08006658                task_scripts
                0x08006670                print_fpsx
                0x080067c8                task_rendering
                0x08006828                task_irq
                0x08006840                link_walk_pal_callback
                0x080068a4                link_melee_pal_callback
                0x08006908                obj_pal_callback
                0x08006994                init_sprites
                0x08006ab8                init_sfx
                0x08006b70                init_gamedata
                0x08006ba4                main
 .text          0x08006c64      0x1b4 game.o
                0x08006c64                get_root
                0x08006c84                get_submenu
                0x08006ca4                get_area_info
                0x08006cc8                get_stats
                0x08006cec                get_sav
                0x08006d10                get_trophies
                0x08006d34                get_trophy
                0x08006d88                get_settings
                0x08006dac                get_gameinfo
                0x08006dd0                get_gamestate
                0x08006df4                get_user
 .text          0x08006e18      0xbe8 bg_dobj.o
                0x08006e18                get_obj
                0x08006fd0                add_obj
                0x080073f4                remove_obj_at
                0x080076dc                precache_dobj
 .text          0x08007a00       0xa8 bg_map.o
                0x08007a00                get_level_name
 .text          0x08007aa8      0x284 bg_sav.o
                0x08007cac                build_savedata
                0x08007ce4                load_savedata
 .text          0x08007d2c       0xf8 bg_settings.o
                0x08007d2c                get_dvars_name
 .text          0x08007e24      0x1ac bg_stats.o
                0x08007e24                get_stat_info
 .text          0x08007fd0      0x1a0 bg_trophies.o
                0x08007fd0                get_trophy_name
                0x08008090                try_unlock_trophy
 .text          0x08008170      0x1ec bg_user.o
                0x080082a8                bg_register_user
 .text          0x0800835c      0x298 client_camera.o
                0x0800835c                cam_reset
                0x080083e8                camera_move_on_specified_tile
 .text          0x080085f4      0xa10 client_command.o
                0x08008f9c                pcommand_ingame
 .text          0x08009004       0x60 menu_controls.o
                0x08009004                submenu_controls
 .text          0x08009064      0x2a4 menu_main.o
                0x08009284                submenu_main_menu
 .text          0x08009308      0x650 menu_map_custom.o
                0x08009308                render_poc
                0x08009938                submenu_map_custom
 .text          0x08009958      0x2d8 menu_options.o
                0x08009958                _opposite
                0x08009a8c                draw_options
                0x08009bac                submenu_options
 .text          0x08009c30      0x274 menu_play.o
                0x08009e30                submenu_play
 .text          0x08009ea4      0x1a4 menu_reset_stats.o
                0x08009f6c                submenu_reset_stats
 .text          0x0800a048      0x348 menu_skin_color.o
                0x0800a2d4                submenu_skin_color
 .text          0x0800a390      0x398 menu_stats.o
                0x0800a6b8                submenu_stats
 .text          0x0800a728      0x2d8 menu_trophies.o
                0x0800a994                submenu_trophies
 .text          0x0800aa00      0x638 submenu.o
                0x0800aa68                submenu_set
                0x0800ab34                submenu_refresh
                0x0800ab9c                get_scroll_in_list
                0x0800ad40                submenu_scroll_increment
                0x0800add8                submenu_scroll_decrement
                0x0800ae68                submenu_access
                0x0800af5c                submenu_back
 .text          0x0800b038      0x760 areas.o
                0x0800b038                get_area
                0x0800b0ec                load_area_data
                0x0800b2a4                change_area_floor
                0x0800b660                unload_area
                0x0800b6a0                start_area
 .text          0x0800b798        0x8 /opt/devkitpro/libgba/lib/libgba.a(CpuSet.o)
                0x0800b798                CpuSet
                0x0800b79c                CpuFastSet
 .text          0x0800b7a0      0x3c4 /opt/devkitpro/libgba/lib/libgba.a(interrupt.o)
                0x0800b7a0                dummy
                0x0800b7a4                InitInterrupt
                0x0800b800                irqInit
                0x0800b85c                SetInterrupt
                0x0800b944                irqSet
                0x0800ba2c                EnableInterrupt
                0x0800ba78                irqEnable
                0x0800bacc                DisableInterrupt
                0x0800bb18                irqDisable
 .text          0x0800bb64      0x11c /opt/devkitpro/devkitARM/bin/../lib/gcc/arm-none-eabi/14.2.0/thumb/libgcc.a(_udivsi3.o)
                0x0800bb64                __udivsi3
                0x0800bb64                __aeabi_uidiv
                0x0800bc60                __aeabi_uidivmod
 .text          0x0800bc80      0x150 /opt/devkitpro/devkitARM/bin/../lib/gcc/arm-none-eabi/14.2.0/thumb/libgcc.a(_divsi3.o)
                0x0800bc80                __aeabi_idiv
                0x0800bc80                __divsi3
                0x0800bdb0                __aeabi_idivmod
 .text          0x0800bdd0        0x4 /opt/devkitpro/devkitARM/bin/../lib/gcc/arm-none-eabi/14.2.0/thumb/libgcc.a(_dvmd_tls.o)
                0x0800bdd0                __aeabi_ldiv0
                0x0800bdd0                __aeabi_idiv0
 .text          0x0800bdd4      0x424 /opt/devkitpro/devkitARM/bin/../lib/gcc/arm-none-eabi/14.2.0/thumb/libgcc.a(_arm_addsubdf3.o)
                0x0800bdd4                __aeabi_drsub
                0x0800bddc                __aeabi_dsub
                0x0800bddc                __subdf3
                0x0800bde0                __adddf3
                0x0800bde0                __aeabi_dadd
                0x0800c0f0                __aeabi_ui2d
                0x0800c0f0                __floatunsidf
                0x0800c114                __floatsidf
                0x0800c114                __aeabi_i2d
                0x0800c13c                __extendsfdf2
                0x0800c13c                __aeabi_f2d
                0x0800c184                __aeabi_ul2d
                0x0800c184                __floatundidf
                0x0800c198                __floatdidf
                0x0800c198                __aeabi_l2d
 .text          0x0800c1f8      0x144 /opt/devkitpro/devkitARM/bin/../lib/gcc/arm-none-eabi/14.2.0/thumb/libgcc.a(_arm_cmpdf2.o)
                0x0800c1f8                __gtdf2
                0x0800c1f8                __gedf2
                0x0800c200                __ltdf2
                0x0800c200                __ledf2
                0x0800c208                __cmpdf2
                0x0800c208                __eqdf2
                0x0800c208                __nedf2
                0x0800c290                __aeabi_cdrcmple
                0x0800c2ac                __aeabi_cdcmple
                0x0800c2ac                __aeabi_cdcmpeq
                0x0800c2c4                __aeabi_dcmpeq
                0x0800c2dc                __aeabi_dcmplt
                0x0800c2f4                __aeabi_dcmple
                0x0800c30c                __aeabi_dcmpge
                0x0800c324                __aeabi_dcmpgt
 .text          0x0800c33c      0x2ac /opt/devkitpro/devkitARM/bin/../lib/gcc/arm-none-eabi/14.2.0/thumb/libgcc.a(_arm_addsubsf3.o)
                0x0800c33c                __aeabi_frsub
                0x0800c344                __subsf3
                0x0800c344                __aeabi_fsub
                0x0800c348                __aeabi_fadd
                0x0800c348                __addsf3
                0x0800c504                __aeabi_ui2f
                0x0800c504                __floatunsisf
                0x0800c50c                __aeabi_i2f
                0x0800c50c                __floatsisf
                0x0800c52c                __floatundisf
                0x0800c52c                __aeabi_ul2f
                0x0800c53c                __floatdisf
                0x0800c53c                __aeabi_l2f
 .text          0x0800c5e8      0x2f8 /opt/devkitpro/devkitARM/bin/../lib/gcc/arm-none-eabi/14.2.0/thumb/libgcc.a(_arm_muldivsf3.o)
                0x0800c5e8                __mulsf3
                0x0800c5e8                __aeabi_fmul
                0x0800c780                __divsf3
                0x0800c780                __aeabi_fdiv
 .text          0x0800c8e0      0x114 /opt/devkitpro/devkitARM/bin/../lib/gcc/arm-none-eabi/14.2.0/thumb/libgcc.a(_arm_cmpsf2.o)
                0x0800c8e0                __gtsf2
                0x0800c8e0                __gesf2
                0x0800c8e8                __lesf2
                0x0800c8e8                __ltsf2
                0x0800c8f0                __nesf2
                0x0800c8f0                __eqsf2
                0x0800c8f0                __cmpsf2
                0x0800c954                __aeabi_cfrcmple
                0x0800c964                __aeabi_cfcmple
                0x0800c964                __aeabi_cfcmpeq
                0x0800c97c                __aeabi_fcmpeq
                0x0800c994                __aeabi_fcmplt
                0x0800c9ac                __aeabi_fcmple
                0x0800c9c4                __aeabi_fcmpge
                0x0800c9dc                __aeabi_fcmpgt
 .text          0x0800c9f4       0x5c /opt/devkitpro/devkitARM/bin/../lib/gcc/arm-none-eabi/14.2.0/thumb/libgcc.a(_arm_fixsfsi.o)
                0x0800c9f4                __fixsfsi
                0x0800c9f4                __aeabi_f2iz
 .text          0x0800ca50       0x54 /opt/devkitpro/devkitARM/bin/../lib/gcc/arm-none-eabi/14.2.0/thumb/libgcc.a(_arm_fixunssfsi.o)
                0x0800ca50                __aeabi_f2uiz
                0x0800ca50                __fixunssfsi
 .text._vsnprintf_r
                0x0800caa4       0x70 /opt/devkitpro/devkitARM/bin/../lib/gcc/arm-none-eabi/14.2.0/../../../../arm-none-eabi/lib/thumb/libg.a(libc_a-vsnprintf.o)
                0x0800caa4                _vsnprintf_r
 .text.vsnprintf
                0x0800cb14       0x24 /opt/devkitpro/devkitARM/bin/../lib/gcc/arm-none-eabi/14.2.0/../../../../arm-none-eabi/lib/thumb/libg.a(libc_a-vsnprintf.o)
                0x0800cb14                vsnprintf
 .text.get_arg  0x0800cb38      0x428 /opt/devkitpro/devkitARM/bin/../lib/gcc/arm-none-eabi/14.2.0/../../../../arm-none-eabi/lib/thumb/libg.a(libc_a-svfprintf.o)
 .text._svfprintf_r
                0x0800cf60     0x23dc /opt/devkitpro/devkitARM/bin/../lib/gcc/arm-none-eabi/14.2.0/../../../../arm-none-eabi/lib/thumb/libg.a(libc_a-svfprintf.o)
                0x0800cf60                _svfprintf_r
 .text.memcpy   0x0800f33c       0xb0 /opt/devkitpro/devkitARM/bin/../lib/gcc/arm-none-eabi/14.2.0/../../../../arm-none-eabi/lib/thumb/libg.a(libc_a-memcpy-stub.o)
                0x0800f33c                memcpy
 .text.memset   0x0800f3ec       0x98 /opt/devkitpro/devkitARM/bin/../lib/gcc/arm-none-eabi/14.2.0/../../../../arm-none-eabi/lib/thumb/libg.a(libc_a-memset.o)
                0x0800f3ec                memset
 .text.snprintf
                0x0800f484       0x7c /opt/devkitpro/devkitARM/bin/../lib/gcc/arm-none-eabi/14.2.0/../../../../arm-none-eabi/lib/thumb/libg.a(libc_a-snprintf.o)
                0x0800f484                snprintf
 .text.strncpy  0x0800f500       0x68 /opt/devkitpro/devkitARM/bin/../lib/gcc/arm-none-eabi/14.2.0/../../../../arm-none-eabi/lib/thumb/libg.a(libc_a-strncpy.o)
                0x0800f500                strncpy
 .text._wcsrtombs_r
                0x0800f568       0x1c /opt/devkitpro/devkitARM/bin/../lib/gcc/arm-none-eabi/14.2.0/../../../../arm-none-eabi/lib/thumb/libg.a(libc_a-wcsrtombs.o)
                0x0800f568                _wcsrtombs_r
 .text.__libc_init_array
                0x0800f584       0x54 /opt/devkitpro/devkitARM/bin/../lib/gcc/arm-none-eabi/14.2.0/../../../../arm-none-eabi/lib/thumb/libg.a(libc_a-init.o)
                0x0800f584                __libc_init_array
 .text.frexp    0x0800f5d8       0x6c /opt/devkitpro/devkitARM/bin/../lib/gcc/arm-none-eabi/14.2.0/../../../../arm-none-eabi/lib/thumb/libg.a(libm_a-s_frexp.o)
                0x0800f5d8                frexp
 .text.strlen   0x0800f644       0x60 /opt/devkitpro/devkitARM/bin/../lib/gcc/arm-none-eabi/14.2.0/../../../../arm-none-eabi/lib/thumb/libg.a(libc_a-strlen-stub.o)
                0x0800f644                strlen
 .text.__locale_mb_cur_max
                0x0800f6a4       0x20 /opt/devkitpro/devkitARM/bin/../lib/gcc/arm-none-eabi/14.2.0/../../../../arm-none-eabi/lib/thumb/libg.a(libc_a-locale.o)
                0x0800f6a4                __locale_mb_cur_max
 .text.__ssprint_r
                0x0800f6c4       0x60 /opt/devkitpro/devkitARM/bin/../lib/gcc/arm-none-eabi/14.2.0/../../../../arm-none-eabi/lib/thumb/libg.a(libc_a-ssprint_r.o)
                0x0800f6c4                __ssprint_r
 .text.memchr   0x0800f724       0x80 /opt/devkitpro/devkitARM/bin/../lib/gcc/arm-none-eabi/14.2.0/../../../../arm-none-eabi/lib/thumb/libg.a(libc_a-memchr-stub.o)
                0x0800f724                memchr
 .text._wcsnrtombs_l
                0x0800f7a4      0x10c /opt/devkitpro/devkitARM/bin/../lib/gcc/arm-none-eabi/14.2.0/../../../../arm-none-eabi/lib/thumb/libg.a(libc_a-wcsnrtombs.o)
                0x0800f7a4                _wcsnrtombs_l
 .text._wcsnrtombs_r
                0x0800f8b0       0x40 /opt/devkitpro/devkitARM/bin/../lib/gcc/arm-none-eabi/14.2.0/../../../../arm-none-eabi/lib/thumb/libg.a(libc_a-wcsnrtombs.o)
                0x0800f8b0                _wcsnrtombs_r
 .text.__utf8_mbtowc
                0x0800f8f0      0x234 /opt/devkitpro/devkitARM/bin/../lib/gcc/arm-none-eabi/14.2.0/../../../../arm-none-eabi/lib/thumb/libg.a(libc_a-mbtowc_r.o)
                0x0800f8f0                __utf8_mbtowc
 .text._localeconv_r
                0x0800fb24       0x1c /opt/devkitpro/devkitARM/bin/../lib/gcc/arm-none-eabi/14.2.0/../../../../arm-none-eabi/lib/thumb/libg.a(libc_a-localeconv.o)
                0x0800fb24                _localeconv_r
 .text._malloc_r
                0x0800fb40      0x588 /opt/devkitpro/devkitARM/bin/../lib/gcc/arm-none-eabi/14.2.0/../../../../arm-none-eabi/lib/thumb/libg.a(libc_a-mallocr.o)
                0x0800fb40                _malloc_r
 .text.quorem   0x080100c8      0x154 /opt/devkitpro/devkitARM/bin/../lib/gcc/arm-none-eabi/14.2.0/../../../../arm-none-eabi/lib/thumb/libg.a(libc_a-dtoa.o)
 .text._dtoa_r  0x0801021c     0x1140 /opt/devkitpro/devkitARM/bin/../lib/gcc/arm-none-eabi/14.2.0/../../../../arm-none-eabi/lib/thumb/libg.a(libc_a-dtoa.o)
                0x0801021c                _dtoa_r
 .text._wcrtomb_r
                0x0801135c       0x84 /opt/devkitpro/devkitARM/bin/../lib/gcc/arm-none-eabi/14.2.0/../../../../arm-none-eabi/lib/thumb/libg.a(libc_a-wcrtomb.o)
                0x0801135c                _wcrtomb_r
 .text._malloc_trim_r
                0x080113e0       0xac /opt/devkitpro/devkitARM/bin/../lib/gcc/arm-none-eabi/14.2.0/../../../../arm-none-eabi/lib/thumb/libg.a(libc_a-freer.o)
                0x080113e0                _malloc_trim_r
 .text._free_r  0x0801148c      0x1f4 /opt/devkitpro/devkitARM/bin/../lib/gcc/arm-none-eabi/14.2.0/../../../../arm-none-eabi/lib/thumb/libg.a(libc_a-freer.o)
                0x0801148c                _free_r
 .text.__errno  0x08011680        0xc /opt/devkitpro/devkitARM/bin/../lib/gcc/arm-none-eabi/14.2.0/../../../../arm-none-eabi/lib/thumb/libg.a(libc_a-errno.o)
                0x08011680                __errno
 .text.__ssputs_r
                0x0801168c       0xd4 /opt/devkitpro/devkitARM/bin/../lib/gcc/arm-none-eabi/14.2.0/../../../../arm-none-eabi/lib/thumb/libg.a(libc_a-ssputs_r.o)
                0x0801168c                __ssputs_r
 .text.__malloc_lock
                0x08011760       0x14 /opt/devkitpro/devkitARM/bin/../lib/gcc/arm-none-eabi/14.2.0/../../../../arm-none-eabi/lib/thumb/libg.a(libc_a-mlock.o)
                0x08011760                __malloc_lock
 .text.__malloc_unlock
                0x08011774       0x14 /opt/devkitpro/devkitARM/bin/../lib/gcc/arm-none-eabi/14.2.0/../../../../arm-none-eabi/lib/thumb/libg.a(libc_a-mlock.o)
                0x08011774                __malloc_unlock
 .text.__utf8_wctomb
                0x08011788       0xb4 /opt/devkitpro/devkitARM/bin/../lib/gcc/arm-none-eabi/14.2.0/../../../../arm-none-eabi/lib/thumb/libg.a(libc_a-wctomb_r.o)
                0x08011788                __utf8_wctomb
 .text.memmove  0x0801183c       0xcc /opt/devkitpro/devkitARM/bin/../lib/gcc/arm-none-eabi/14.2.0/../../../../arm-none-eabi/lib/thumb/libg.a(libc_a-memmove.o)
                0x0801183c                memmove
 .text.__assert_func
                0x08011908       0x40 /opt/devkitpro/devkitARM/bin/../lib/gcc/arm-none-eabi/14.2.0/../../../../arm-none-eabi/lib/thumb/libg.a(libc_a-assert.o)
                0x08011908                __assert_func
 .text._Balloc  0x08011948       0x54 /opt/devkitpro/devkitARM/bin/../lib/gcc/arm-none-eabi/14.2.0/../../../../arm-none-eabi/lib/thumb/libg.a(libc_a-mprec.o)
                0x08011948                _Balloc
 .text._Bfree   0x0801199c       0x14 /opt/devkitpro/devkitARM/bin/../lib/gcc/arm-none-eabi/14.2.0/../../../../arm-none-eabi/lib/thumb/libg.a(libc_a-mprec.o)
                0x0801199c                _Bfree
 .text.__multadd
                0x080119b0       0xa8 /opt/devkitpro/devkitARM/bin/../lib/gcc/arm-none-eabi/14.2.0/../../../../arm-none-eabi/lib/thumb/libg.a(libc_a-mprec.o)
                0x080119b0                __multadd
 .text.__hi0bits
                0x08011a58       0x60 /opt/devkitpro/devkitARM/bin/../lib/gcc/arm-none-eabi/14.2.0/../../../../arm-none-eabi/lib/thumb/libg.a(libc_a-mprec.o)
                0x08011a58                __hi0bits
 .text.__lo0bits
                0x08011ab8       0x94 /opt/devkitpro/devkitARM/bin/../lib/gcc/arm-none-eabi/14.2.0/../../../../arm-none-eabi/lib/thumb/libg.a(libc_a-mprec.o)
                0x08011ab8                __lo0bits
 .text.__i2b    0x08011b4c       0x64 /opt/devkitpro/devkitARM/bin/../lib/gcc/arm-none-eabi/14.2.0/../../../../arm-none-eabi/lib/thumb/libg.a(libc_a-mprec.o)
                0x08011b4c                __i2b
 .text.__multiply
                0x08011bb0      0x1b4 /opt/devkitpro/devkitARM/bin/../lib/gcc/arm-none-eabi/14.2.0/../../../../arm-none-eabi/lib/thumb/libg.a(libc_a-mprec.o)
                0x08011bb0                __multiply
 .text.__pow5mult
                0x08011d64       0xdc /opt/devkitpro/devkitARM/bin/../lib/gcc/arm-none-eabi/14.2.0/../../../../arm-none-eabi/lib/thumb/libg.a(libc_a-mprec.o)
                0x08011d64                __pow5mult
 .text.__lshift
                0x08011e40      0x100 /opt/devkitpro/devkitARM/bin/../lib/gcc/arm-none-eabi/14.2.0/../../../../arm-none-eabi/lib/thumb/libg.a(libc_a-mprec.o)
                0x08011e40                __lshift
 .text.__mcmp   0x08011f40       0x40 /opt/devkitpro/devkitARM/bin/../lib/gcc/arm-none-eabi/14.2.0/../../../../arm-none-eabi/lib/thumb/libg.a(libc_a-mprec.o)
                0x08011f40                __mcmp
 .text.__mdiff  0x08011f80      0x1ac /opt/devkitpro/devkitARM/bin/../lib/gcc/arm-none-eabi/14.2.0/../../../../arm-none-eabi/lib/thumb/libg.a(libc_a-mprec.o)
                0x08011f80                __mdiff
 .text.__d2b    0x0801212c       0xc8 /opt/devkitpro/devkitARM/bin/../lib/gcc/arm-none-eabi/14.2.0/../../../../arm-none-eabi/lib/thumb/libg.a(libc_a-mprec.o)
                0x0801212c                __d2b
 .text.fiprintf
                0x080121f4       0x28 /opt/devkitpro/devkitARM/bin/../lib/gcc/arm-none-eabi/14.2.0/../../../../arm-none-eabi/lib/thumb/libg.a(libc_a-fiprintf.o)
                0x080121f4                fiprintf
 .text.abort    0x0801221c       0x10 /opt/devkitpro/devkitARM/bin/../lib/gcc/arm-none-eabi/14.2.0/../../../../arm-none-eabi/lib/thumb/libg.a(libc_a-abort.o)
                0x0801221c                abort
 .text._calloc_r
                0x0801222c       0xb8 /opt/devkitpro/devkitARM/bin/../lib/gcc/arm-none-eabi/14.2.0/../../../../arm-none-eabi/lib/thumb/libg.a(libc_a-callocr.o)
                0x0801222c                _calloc_r
 .text._realloc_r
                0x080122e4      0x384 /opt/devkitpro/devkitARM/bin/../lib/gcc/arm-none-eabi/14.2.0/../../../../arm-none-eabi/lib/thumb/libg.a(libc_a-reallocr.o)
                0x080122e4                _realloc_r
 .text._raise_r
                0x08012668       0x60 /opt/devkitpro/devkitARM/bin/../lib/gcc/arm-none-eabi/14.2.0/../../../../arm-none-eabi/lib/thumb/libg.a(libc_a-signal.o)
                0x08012668                _raise_r
 .text.raise    0x080126c8       0x14 /opt/devkitpro/devkitARM/bin/../lib/gcc/arm-none-eabi/14.2.0/../../../../arm-none-eabi/lib/thumb/libg.a(libc_a-signal.o)
                0x080126c8                raise
 .text.get_arg  0x080126dc      0x428 /opt/devkitpro/devkitARM/bin/../lib/gcc/arm-none-eabi/14.2.0/../../../../arm-none-eabi/lib/thumb/libg.a(libc_a-vfiprintf.o)
 .text._vfiprintf_r
                0x08012b04     0x1724 /opt/devkitpro/devkitARM/bin/../lib/gcc/arm-none-eabi/14.2.0/../../../../arm-none-eabi/lib/thumb/libg.a(libc_a-vfiprintf.o)
                0x08012b04                _vfiprintf_r
 .text.__sbprintf
                0x08014228       0x7c /opt/devkitpro/devkitARM/bin/../lib/gcc/arm-none-eabi/14.2.0/../../../../arm-none-eabi/lib/thumb/libg.a(libc_a-vfiprintf.o)
 .text.__sprint_r
                0x080142a4       0x24 /opt/devkitpro/devkitARM/bin/../lib/gcc/arm-none-eabi/14.2.0/../../../../arm-none-eabi/lib/thumb/libg.a(libc_a-sprint_r.o)
                0x080142a4                __sprint_r
 .text.stdio_exit_handler
                0x080142c8       0x20 /opt/devkitpro/devkitARM/bin/../lib/gcc/arm-none-eabi/14.2.0/../../../../arm-none-eabi/lib/thumb/libg.a(libc_a-findfp.o)
 .text.cleanup_stdio
                0x080142e8       0x40 /opt/devkitpro/devkitARM/bin/../lib/gcc/arm-none-eabi/14.2.0/../../../../arm-none-eabi/lib/thumb/libg.a(libc_a-findfp.o)
 .text.global_stdio_init.part.0
                0x08014328      0x128 /opt/devkitpro/devkitARM/bin/../lib/gcc/arm-none-eabi/14.2.0/../../../../arm-none-eabi/lib/thumb/libg.a(libc_a-findfp.o)
 .text.__sinit  0x08014450       0x3c /opt/devkitpro/devkitARM/bin/../lib/gcc/arm-none-eabi/14.2.0/../../../../arm-none-eabi/lib/thumb/libg.a(libc_a-findfp.o)
                0x08014450                __sinit
 .text.__sfp_lock_acquire
                0x0801448c       0x14 /opt/devkitpro/devkitARM/bin/../lib/gcc/arm-none-eabi/14.2.0/../../../../arm-none-eabi/lib/thumb/libg.a(libc_a-findfp.o)
                0x0801448c                __sfp_lock_acquire
 .text.__sfp_lock_release
                0x080144a0       0x14 /opt/devkitpro/devkitARM/bin/../lib/gcc/arm-none-eabi/14.2.0/../../../../arm-none-eabi/lib/thumb/libg.a(libc_a-findfp.o)
                0x080144a0                __sfp_lock_release
 .text._fwalk_sglue
                0x080144b4       0x4c /opt/devkitpro/devkitARM/bin/../lib/gcc/arm-none-eabi/14.2.0/../../../../arm-none-eabi/lib/thumb/libg.a(libc_a-fwalk.o)
                0x080144b4                _fwalk_sglue
 .text.__swsetup_r
                0x08014500      0x100 /opt/devkitpro/devkitARM/bin/../lib/gcc/arm-none-eabi/14.2.0/../../../../arm-none-eabi/lib/thumb/libg.a(libc_a-wsetup.o)
                0x08014500                __swsetup_r
 .text.__sflush_r
                0x08014600      0x194 /opt/devkitpro/devkitARM/bin/../lib/gcc/arm-none-eabi/14.2.0/../../../../arm-none-eabi/lib/thumb/libg.a(libc_a-fflush.o)
                0x08014600                __sflush_r
 .text._fflush_r
                0x08014794       0x70 /opt/devkitpro/devkitARM/bin/../lib/gcc/arm-none-eabi/14.2.0/../../../../arm-none-eabi/lib/thumb/libg.a(libc_a-fflush.o)
                0x08014794                _fflush_r
 .text.__sfvwrite_r
                0x08014804      0x304 /opt/devkitpro/devkitARM/bin/../lib/gcc/arm-none-eabi/14.2.0/../../../../arm-none-eabi/lib/thumb/libg.a(libc_a-fvwrite.o)
                0x08014804                __sfvwrite_r
 .text.__sread  0x08014b08       0x34 /opt/devkitpro/devkitARM/bin/../lib/gcc/arm-none-eabi/14.2.0/../../../../arm-none-eabi/lib/thumb/libg.a(libc_a-stdio.o)
                0x08014b08                __sread
 .text.__swrite
                0x08014b3c       0x4c /opt/devkitpro/devkitARM/bin/../lib/gcc/arm-none-eabi/14.2.0/../../../../arm-none-eabi/lib/thumb/libg.a(libc_a-stdio.o)
                0x08014b3c                __swrite
 .text.__sseek  0x08014b88       0x3c /opt/devkitpro/devkitARM/bin/../lib/gcc/arm-none-eabi/14.2.0/../../../../arm-none-eabi/lib/thumb/libg.a(libc_a-stdio.o)
                0x08014b88                __sseek
 .text.__sclose
                0x08014bc4       0x10 /opt/devkitpro/devkitARM/bin/../lib/gcc/arm-none-eabi/14.2.0/../../../../arm-none-eabi/lib/thumb/libg.a(libc_a-stdio.o)
                0x08014bc4                __sclose
 .text._fclose_r
                0x08014bd4       0xd4 /opt/devkitpro/devkitARM/bin/../lib/gcc/arm-none-eabi/14.2.0/../../../../arm-none-eabi/lib/thumb/libg.a(libc_a-fclose.o)
                0x08014bd4                _fclose_r
 .text.__smakebuf_r
                0x08014ca8       0xdc /opt/devkitpro/devkitARM/bin/../lib/gcc/arm-none-eabi/14.2.0/../../../../arm-none-eabi/lib/thumb/libg.a(libc_a-makebuf.o)
                0x08014ca8                __smakebuf_r
 .text._memalign_r
                0x08014d84      0x128 /opt/devkitpro/devkitARM/bin/../lib/gcc/arm-none-eabi/14.2.0/../../../../arm-none-eabi/lib/thumb/libg.a(libc_a-malignr.o)
                0x08014d84                _memalign_r
 .text._exit    0x08014eac       0x14 /opt/devkitpro/devkitARM/bin/../lib/gcc/arm-none-eabi/14.2.0/../../../../arm-none-eabi/lib/thumb/libsysbase.a(libsysbase_libsysbase_a-_exit.o)
                0x08014eac                _exit
 .text._fstat_r
                0x08014ec0       0x58 /opt/devkitpro/devkitARM/bin/../lib/gcc/arm-none-eabi/14.2.0/../../../../arm-none-eabi/lib/thumb/libsysbase.a(libsysbase_libsysbase_a-fstat.o)
                0x08014ec0                _fstat_r
 .text._getpid_r
                0x08014f18        0xc /opt/devkitpro/devkitARM/bin/../lib/gcc/arm-none-eabi/14.2.0/../../../../arm-none-eabi/lib/thumb/libsysbase.a(libsysbase_libsysbase_a-getpid.o)
                0x08014f18                _getpid_r
 .text.__getreent
                0x08014f24       0x20 /opt/devkitpro/devkitARM/bin/../lib/gcc/arm-none-eabi/14.2.0/../../../../arm-none-eabi/lib/thumb/libsysbase.a(libsysbase_libsysbase_a-getreent.o)
                0x08014f24                __getreent
 .text.__get_handle
                0x08014f44       0x34 /opt/devkitpro/devkitARM/bin/../lib/gcc/arm-none-eabi/14.2.0/../../../../arm-none-eabi/lib/thumb/libsysbase.a(libsysbase_libsysbase_a-handle_manager.o)
                0x08014f44                __get_handle
 .text._close_r
                0x08014f78       0xb8 /opt/devkitpro/devkitARM/bin/../lib/gcc/arm-none-eabi/14.2.0/../../../../arm-none-eabi/lib/thumb/libsysbase.a(libsysbase_libsysbase_a-handle_manager.o)
                0x08014f78                _close_r
 .text.null_write
                0x08015030        0x4 /opt/devkitpro/devkitARM/bin/../lib/gcc/arm-none-eabi/14.2.0/../../../../arm-none-eabi/lib/thumb/libsysbase.a(libsysbase_libsysbase_a-iosupport.o)
 .text._isatty_r
                0x08015034        0x4 /opt/devkitpro/devkitARM/bin/../lib/gcc/arm-none-eabi/14.2.0/../../../../arm-none-eabi/lib/thumb/libsysbase.a(libsysbase_libsysbase_a-isatty.o)
                0x08015034                _isatty_r
 .text._kill_r  0x08015038        0xc /opt/devkitpro/devkitARM/bin/../lib/gcc/arm-none-eabi/14.2.0/../../../../arm-none-eabi/lib/thumb/libsysbase.a(libsysbase_libsysbase_a-kill.o)
                0x08015038                _kill_r
 .text._lseek_r
                0x08015044       0x60 /opt/devkitpro/devkitARM/bin/../lib/gcc/arm-none-eabi/14.2.0/../../../../arm-none-eabi/lib/thumb/libsysbase.a(libsysbase_libsysbase_a-lseek.o)
                0x08015044                _lseek_r
 .text._read_r  0x080150a4       0x58 /opt/devkitpro/devkitARM/bin/../lib/gcc/arm-none-eabi/14.2.0/../../../../arm-none-eabi/lib/thumb/libsysbase.a(libsysbase_libsysbase_a-read.o)
                0x080150a4                _read_r
 .text._sbrk_r  0x080150fc       0x54 /opt/devkitpro/devkitARM/bin/../lib/gcc/arm-none-eabi/14.2.0/../../../../arm-none-eabi/lib/thumb/libsysbase.a(libsysbase_libsysbase_a-sbrk.o)
                0x080150fc                _sbrk_r
 .text.__libc_lock_acquire
                0x08015150       0x18 /opt/devkitpro/devkitARM/bin/../lib/gcc/arm-none-eabi/14.2.0/../../../../arm-none-eabi/lib/thumb/libsysbase.a(libsysbase_libsysbase_a-syscall_support.o)
                0x08015150                __libc_lock_acquire
 .text.__libc_lock_release
                0x08015168       0x18 /opt/devkitpro/devkitARM/bin/../lib/gcc/arm-none-eabi/14.2.0/../../../../arm-none-eabi/lib/thumb/libsysbase.a(libsysbase_libsysbase_a-syscall_support.o)
                0x08015168                __libc_lock_release
 .text.__libc_lock_acquire_recursive
                0x08015180       0x18 /opt/devkitpro/devkitARM/bin/../lib/gcc/arm-none-eabi/14.2.0/../../../../arm-none-eabi/lib/thumb/libsysbase.a(libsysbase_libsysbase_a-syscall_support.o)
                0x08015180                __libc_lock_acquire_recursive
 .text.__libc_lock_release_recursive
                0x08015198       0x18 /opt/devkitpro/devkitARM/bin/../lib/gcc/arm-none-eabi/14.2.0/../../../../arm-none-eabi/lib/thumb/libsysbase.a(libsysbase_libsysbase_a-syscall_support.o)
                0x08015198                __libc_lock_release_recursive
 .text._write_r
                0x080151b0       0x58 /opt/devkitpro/devkitARM/bin/../lib/gcc/arm-none-eabi/14.2.0/../../../../arm-none-eabi/lib/thumb/libsysbase.a(libsysbase_libsysbase_a-write.o)
                0x080151b0                _write_r
 .text          0x08015208       0x14 /opt/devkitpro/devkitARM/bin/../lib/gcc/arm-none-eabi/14.2.0/thumb/libgcc.a(_thumb1_case_uqi.o)
                0x08015208                __gnu_thumb1_case_uqi
 .text          0x0801521c       0x14 /opt/devkitpro/devkitARM/bin/../lib/gcc/arm-none-eabi/14.2.0/thumb/libgcc.a(_thumb1_case_uhi.o)
                0x0801521c                __gnu_thumb1_case_uhi
 .text          0x08015230      0x49c /opt/devkitpro/devkitARM/bin/../lib/gcc/arm-none-eabi/14.2.0/thumb/libgcc.a(_arm_muldivdf3.o)
                0x08015230                __aeabi_dmul
                0x08015230                __muldf3
                0x080154c0                __aeabi_ddiv
                0x080154c0                __divdf3
 .text          0x080156cc       0x38 /opt/devkitpro/devkitARM/bin/../lib/gcc/arm-none-eabi/14.2.0/thumb/libgcc.a(_arm_unorddf2.o)
                0x080156cc                __aeabi_dcmpun
                0x080156cc                __unorddf2
 .text          0x08015704       0x5c /opt/devkitpro/devkitARM/bin/../lib/gcc/arm-none-eabi/14.2.0/thumb/libgcc.a(_arm_fixdfsi.o)
                0x08015704                __fixdfsi
                0x08015704                __aeabi_d2iz
 .text          0x08015760       0x3c /opt/devkitpro/devkitARM/bin/../lib/gcc/arm-none-eabi/14.2.0/thumb/libgcc.a(_aeabi_uldivmod.o)
                0x08015760                __aeabi_uldivmod
 .text.__udivmoddi4
                0x0801579c      0x19c /opt/devkitpro/devkitARM/bin/../lib/gcc/arm-none-eabi/14.2.0/thumb/libgcc.a(_udivmoddi4.o)
                0x0801579c                __udivmoddi4
 .text          0x08015938       0x28 /opt/devkitpro/devkitARM/bin/../lib/gcc/arm-none-eabi/14.2.0/thumb/libgcc.a(_clzdi2.o)
                0x08015938                __clzdi2
 .text          0x08015960       0x48 /opt/devkitpro/devkitARM/bin/../lib/gcc/arm-none-eabi/14.2.0/thumb/libgcc.a(_clzsi2.o)
                0x08015960                __clzsi2
 .text.free     0x080159a8       0x14 /opt/devkitpro/devkitARM/bin/../lib/gcc/arm-none-eabi/14.2.0/../../../../arm-none-eabi/lib/thumb/libg.a(libc_a-malloc.o)
                0x080159a8                free
 *fill*         0x080159bc        0x4 ff
 .text.free.__stub
                0x080159c0      0x144 linker stubs
 *(.gnu.linkonce.t.*)
 *(.text.*personality*)
 *(.gnu.warning)
 *(.glue_7t)
 .glue_7t       0x08015b30        0x0 linker stubs
 *(.glue_7)
 .glue_7        0x08015b30        0x0 linker stubs
 *(.vfp11_veneer)
 .vfp11_veneer  0x08015b30        0x0 linker stubs
                0x08015b30                        . = ALIGN (0x4)
                0x08015b30                        __text_end = .

.v4_bx          0x08015b30        0x0
 .v4_bx         0x08015b30        0x0 linker stubs

.iplt           0x08015b30        0x0
 .iplt          0x08015b30        0x0 /opt/devkitpro/devkitARM/bin/../lib/gcc/arm-none-eabi/14.2.0/../../../../arm-none-eabi/lib/thumb/gba_crt0.o

.fini           0x08015b30        0xc
 *(.fini)
 .fini          0x08015b30        0x4 /opt/devkitpro/devkitARM/bin/../lib/gcc/arm-none-eabi/14.2.0/thumb/crti.o
                0x08015b30                _fini
 .fini          0x08015b34        0x8 /opt/devkitpro/devkitARM/bin/../lib/gcc/arm-none-eabi/14.2.0/thumb/crtn.o
                0x08015b3c                        . = ALIGN (0x4)

.rodata         0x08015b40   0x2d3c40
 *(.rodata)
 .rodata        0x08015b40        0xc coreutil_string.o
 .rodata        0x08015b4c        0x8 coreutil_va.o
 .rodata        0x08015b54       0x11 coregfx_colorpicker.o
 *fill*         0x08015b65        0x3 ff
 .rodata        0x08015b68      0x369 coregfx_glyphs.o
                0x08015b68                font_basic
                0x08015e60                font_basic_width
                0x08015ec0                font_button_width
 *fill*         0x08015ed1        0x3 ff
 .rodata        0x08015ed4      0xab8 coregfx_sprites_pal.o
                0x08015ed4                pal_basics_color
                0x08016078                pal_buttons_8x8
                0x08016084                pal_buttons_check_8x8
                0x0801608c                pal_buttons_trophy_8x8
                0x08016098                pal_color_picker_bkg
                0x080160a8                sprite_buttons_8x8
                0x080162e8                sprite_buttons_16x8
                0x080163e8                sprite_buttons_24x8
                0x08016568                sprite_buttons_check_8x8
                0x080165e8                sprite_buttons_trophy_8x8
                0x080166e8                sprite_color_picker_bkg
 .rodata        0x0801698c       0x7c coregfx_text.o
 .rodata        0x08016a08       0x65 coretask_run.o
 *fill*         0x08016a6d        0x3 ff
 .rodata        0x08016a70       0x14 coresys_audio.o
 .rodata        0x08016a84       0xc4 coresys_playtime.o
 .rodata        0x08016b48   0x2cbe68 main.o
                0x08016b48                snd_popup
                0x08018324                snd_main_menu
                0x080da160                snd_dungeon
                0x082df57c                snd_link_attack
                0x082dfec8                snd_trophy_unlocked
 .rodata        0x082e29b0      0xe00 sprite_ground.o
                0x082e29b0                img_ground
 .rodata        0x082e37b0     0x2418 sprite_link.o
                0x082e37b0                pal_sprite_link_walks
                0x082e37b8                pal_sprite_link_melee
                0x082e37c8                sprite_link_walks
                0x082e3fc8                sprite_link_melee_du
                0x082e4dc8                sprite_link_melee_rl
 .rodata        0x082e5bc8      0x108 sprite_objects.o
                0x082e5bc8                pal_sprites_obj
                0x082e5bd0                sprites_obj
 .rodata        0x082e5cd0      0x800 sprite_stairs.o
                0x082e5cd0                img_stairs
 .rodata        0x082e64d0     0x2400 sprite_walls.o
                0x082e64d0                img_walls
                0x082e80d0                img_collisions
 .rodata        0x082e88d0       0x84 bg_map.o
 .rodata        0x082e8954       0x24 bg_settings.o
 .rodata        0x082e8978       0x80 bg_stats.o
 .rodata        0x082e89f8       0xb4 bg_trophies.o
 .rodata        0x082e8aac       0x1a client_command.o
 *fill*         0x082e8ac6        0x2 ff
 .rodata        0x082e8ac8       0x35 menu_controls.o
 *fill*         0x082e8afd        0x3 ff
 .rodata        0x082e8b00       0xa9 menu_main.o
 *fill*         0x082e8ba9        0x3 ff
 .rodata        0x082e8bac        0xe menu_map_custom.o
 *fill*         0x082e8bba        0x2 ff
 .rodata        0x082e8bbc       0x1b menu_options.o
 *fill*         0x082e8bd7        0x1 ff
 .rodata        0x082e8bd8        0xf menu_play.o
 *fill*         0x082e8be7        0x1 ff
 .rodata        0x082e8be8       0x29 menu_reset_stats.o
 *fill*         0x082e8c11        0x3 ff
 .rodata        0x082e8c14       0x77 menu_skin_color.o
 *fill*         0x082e8c8b        0x1 ff
 .rodata        0x082e8c8c        0xf menu_stats.o
 *fill*         0x082e8c9b        0x1 ff
 .rodata        0x082e8c9c       0x23 menu_trophies.o
 *fill*         0x082e8cbf        0x1 ff
 .rodata        0x082e8cc0      0x288 area_01.o
                0x082e8cc0                area_raw_01
                0x082e8e04                area_obj_raw_01
 .rodata        0x082e8f48      0x200 area_data.o
                0x082e8f48                tile_area_id
                0x082e9048                tile_obj_id
 .rodata        0x082e9148       0x2c areas.o
                0x082e9148                _areas
 *all.rodata*(*)
 *(.roda)
 *(.rodata.*)
 .rodata._svfprintf_r.str1.1
                0x082e9174       0x3b /opt/devkitpro/devkitARM/bin/../lib/gcc/arm-none-eabi/14.2.0/../../../../arm-none-eabi/lib/thumb/libg.a(libc_a-svfprintf.o)
 *fill*         0x082e91af        0x1 ff
 .rodata.zeroes.0
                0x082e91b0       0x10 /opt/devkitpro/devkitARM/bin/../lib/gcc/arm-none-eabi/14.2.0/../../../../arm-none-eabi/lib/thumb/libg.a(libc_a-svfprintf.o)
 .rodata.blanks.1
                0x082e91c0       0x10 /opt/devkitpro/devkitARM/bin/../lib/gcc/arm-none-eabi/14.2.0/../../../../arm-none-eabi/lib/thumb/libg.a(libc_a-svfprintf.o)
 .rodata.__action_table
                0x082e91d0       0x6c /opt/devkitpro/devkitARM/bin/../lib/gcc/arm-none-eabi/14.2.0/../../../../arm-none-eabi/lib/thumb/libg.a(libc_a-svfiprintf.o)
                0x082e91d0                __action_table
 .rodata.__state_table
                0x082e923c       0x6c /opt/devkitpro/devkitARM/bin/../lib/gcc/arm-none-eabi/14.2.0/../../../../arm-none-eabi/lib/thumb/libg.a(libc_a-svfiprintf.o)
                0x082e923c                __state_table
 .rodata.__chclass
                0x082e92a8      0x100 /opt/devkitpro/devkitARM/bin/../lib/gcc/arm-none-eabi/14.2.0/../../../../arm-none-eabi/lib/thumb/libg.a(libc_a-svfiprintf.o)
                0x082e92a8                __chclass
 .rodata.str1.4
                0x082e93a8      0x138 /opt/devkitpro/devkitARM/bin/../lib/gcc/arm-none-eabi/14.2.0/../../../../arm-none-eabi/lib/thumb/libg.a(libc_a-locale.o)
                                 0x4c (size before relaxing)
 .rodata._dtoa_r.str1.4
                0x082e94e0       0x67 /opt/devkitpro/devkitARM/bin/../lib/gcc/arm-none-eabi/14.2.0/../../../../arm-none-eabi/lib/thumb/libg.a(libc_a-dtoa.o)
 .rodata._ctype_
                0x082e94e0      0x101 /opt/devkitpro/devkitARM/bin/../lib/gcc/arm-none-eabi/14.2.0/../../../../arm-none-eabi/lib/thumb/libg.a(libc_a-ctype_.o)
                0x082e94e0                _ctype_
 .rodata.__assert_func.str1.4
                0x082e95e1       0x43 /opt/devkitpro/devkitARM/bin/../lib/gcc/arm-none-eabi/14.2.0/../../../../arm-none-eabi/lib/thumb/libg.a(libc_a-assert.o)
 .rodata.__multadd.str1.4
                0x082e95e1       0x54 /opt/devkitpro/devkitARM/bin/../lib/gcc/arm-none-eabi/14.2.0/../../../../arm-none-eabi/lib/thumb/libg.a(libc_a-mprec.o)
 *fill*         0x082e95e1        0x3 ff
 .rodata.p05.0  0x082e95e4        0xc /opt/devkitpro/devkitARM/bin/../lib/gcc/arm-none-eabi/14.2.0/../../../../arm-none-eabi/lib/thumb/libg.a(libc_a-mprec.o)
 .rodata.__mprec_bigtens
                0x082e95f0       0x28 /opt/devkitpro/devkitARM/bin/../lib/gcc/arm-none-eabi/14.2.0/../../../../arm-none-eabi/lib/thumb/libg.a(libc_a-mprec.o)
                0x082e95f0                __mprec_bigtens
 .rodata.__mprec_tens
                0x082e9618       0xc8 /opt/devkitpro/devkitARM/bin/../lib/gcc/arm-none-eabi/14.2.0/../../../../arm-none-eabi/lib/thumb/libg.a(libc_a-mprec.o)
                0x082e9618                __mprec_tens
 .rodata._vfiprintf_r.str1.1
                0x082e96e0       0x29 /opt/devkitpro/devkitARM/bin/../lib/gcc/arm-none-eabi/14.2.0/../../../../arm-none-eabi/lib/thumb/libg.a(libc_a-vfiprintf.o)
 .rodata.zeroes.0
                0x082e96e0       0x10 /opt/devkitpro/devkitARM/bin/../lib/gcc/arm-none-eabi/14.2.0/../../../../arm-none-eabi/lib/thumb/libg.a(libc_a-vfiprintf.o)
 .rodata.blanks.1
                0x082e96f0       0x10 /opt/devkitpro/devkitARM/bin/../lib/gcc/arm-none-eabi/14.2.0/../../../../arm-none-eabi/lib/thumb/libg.a(libc_a-vfiprintf.o)
 .rodata.AddDevice.str1.4
                0x082e9700        0x8 /opt/devkitpro/devkitARM/bin/../lib/gcc/arm-none-eabi/14.2.0/../../../../arm-none-eabi/lib/thumb/libsysbase.a(libsysbase_libsysbase_a-iosupport.o)
 .rodata.dotab_stdnull
                0x082e9700       0x80 /opt/devkitpro/devkitARM/bin/../lib/gcc/arm-none-eabi/14.2.0/../../../../arm-none-eabi/lib/thumb/libsysbase.a(libsysbase_libsysbase_a-iosupport.o)
                0x082e9700                dotab_stdnull
 *(.gnu.linkonce.r*)
                0x082e9780                        . = ALIGN (0x4)

.ARM.extab
 *(.ARM.extab* .gnu.linkonce.armextab.*)
                0x082e9780                        __exidx_start = .

.ARM.exidx
 *(.ARM.exidx* .gnu.linkonce.armexidx.*)
                0x082e9780                        __exidx_end = .

.ctors          0x082e9780        0x0
 *crtbegin.o(.ctors)
 *(EXCLUDE_FILE(*crtend.o) .ctors)
 *(SORT_BY_NAME(.ctors.*))
 *(.ctors)
                0x082e9780                        . = ALIGN (0x4)

.dtors          0x082e9780        0x0
 *crtbegin.o(.dtors)
 *(EXCLUDE_FILE(*crtend.o) .dtors)
 *(SORT_BY_NAME(.dtors.*))
 *(.dtors)
                0x082e9780                        . = ALIGN (0x4)

.eh_frame       0x082e9780        0x4
 *(.eh_frame)
 .eh_frame      0x082e9780        0x0 /opt/devkitpro/devkitARM/bin/../lib/gcc/arm-none-eabi/14.2.0/thumb/crtbegin.o
 .eh_frame      0x082e9780        0x4 /opt/devkitpro/devkitARM/bin/../lib/gcc/arm-none-eabi/14.2.0/thumb/crtend.o
                0x082e9784                        . = ALIGN (0x4)

.gcc_except_table
                0x082e9784        0x0
 *(.gcc_except_table)
                0x082e9784                        . = ALIGN (0x4)
                0x082e9784                        __iwram_lma = .

.iwram          0x03000000     0x1828 load address 0x082e9784
                0x03000000                        __iwram_start__ = ABSOLUTE (.)
 *(.iwram .iwram*)
 .iwram         0x03000000      0x7c8 coregfx_basics.o
                0x03000000                draw_sprite
                0x030004ec                print_img
 .iwram         0x030007c8      0x50c coregfx_circle.o
                0x030007c8                draw_circle
 .iwram         0x03000cd4      0x40c coregfx_colorpicker.o
                0x03000cd4                show_color_picker
 .iwram         0x030010e0      0x308 coregfx_rectangle.o
                0x030010e0                draw_rectangle
 .iwram         0x030013e8      0x314 coregfx_text.o
                0x030013e8                draw_text
 .iwram         0x030016fc       0xb8 /opt/devkitpro/libgba/lib/libgba.a(InterruptDispatcher.o)
                0x030016fc                IntrMain
 *fill*         0x030017b4        0x4 ff
 .iwram.__stub  0x030017b8       0x6c linker stubs
 *iwram.*(.text* .data*)
                0x03001824                        . = ALIGN (0x4)
                0x03001828                        __iwram_end__ = ABSOLUTE (.)
                0x082eafac                        __data_lma = (__iwram_lma + SIZEOF (.iwram))

.bss            0x03001828      0x2d4
                0x03001828                        __bss_start = ABSOLUTE (.)
                0x03001828                        __bss_start__ = ABSOLUTE (.)
 *(.dynbss)
 *(.gnu.linkonce.b*)
 *(.bss*)
 .bss.completed.1
                0x03001828        0x1 /opt/devkitpro/devkitARM/bin/../lib/gcc/arm-none-eabi/14.2.0/thumb/crtbegin.o
 *fill*         0x03001829        0x3 
 .bss.object.0  0x0300182c       0x18 /opt/devkitpro/devkitARM/bin/../lib/gcc/arm-none-eabi/14.2.0/thumb/crtbegin.o
 .bss           0x03001844        0x4 coreutil_rand.o
 .bss           0x03001848        0x4 coregfx_color.o
 .bss           0x0300184c        0x4 coretask_irq.o
 .bss           0x03001850        0x4 coretask_rendering.o
 .bss           0x03001854        0x1 coresave_eeprom.o
 *fill*         0x03001855        0x1 
 .bss           0x03001856        0x4 coresys_malloc.o
 *fill*         0x0300185a        0x6 
 .bss           0x03001860       0x30 coresys_mix_audio.o
                0x03001860                mix_channels
 .bss           0x03001890        0x4 main.o
 .bss           0x03001894        0x1 menu_skin_color.o
 *fill*         0x03001895        0x3 
 .bss           0x03001898       0x20 menu_stats.o
 .bss           0x030018b8       0x78 /opt/devkitpro/libgba/lib/libgba.a(interrupt.o)
                0x030018b8                IntrTable
 .bss.__malloc_current_mallinfo
                0x03001930       0x28 /opt/devkitpro/devkitARM/bin/../lib/gcc/arm-none-eabi/14.2.0/../../../../arm-none-eabi/lib/thumb/libg.a(libc_a-mallocr.o)
                0x03001930                __malloc_current_mallinfo
 .bss.__malloc_max_total_mem
                0x03001958        0x4 /opt/devkitpro/devkitARM/bin/../lib/gcc/arm-none-eabi/14.2.0/../../../../arm-none-eabi/lib/thumb/libg.a(libc_a-mallocr.o)
                0x03001958                __malloc_max_total_mem
 .bss.__malloc_max_sbrked_mem
                0x0300195c        0x4 /opt/devkitpro/devkitARM/bin/../lib/gcc/arm-none-eabi/14.2.0/../../../../arm-none-eabi/lib/thumb/libg.a(libc_a-mallocr.o)
                0x0300195c                __malloc_max_sbrked_mem
 .bss.__malloc_top_pad
                0x03001960        0x4 /opt/devkitpro/devkitARM/bin/../lib/gcc/arm-none-eabi/14.2.0/../../../../arm-none-eabi/lib/thumb/libg.a(libc_a-mallocr.o)
                0x03001960                __malloc_top_pad
 .bss.__malloc_recursive_mutex
                0x03001964        0xc /opt/devkitpro/devkitARM/bin/../lib/gcc/arm-none-eabi/14.2.0/../../../../arm-none-eabi/lib/thumb/libg.a(libc_a-mlock.o)
 .bss.__sfp_recursive_mutex
                0x03001970        0xc /opt/devkitpro/devkitARM/bin/../lib/gcc/arm-none-eabi/14.2.0/../../../../arm-none-eabi/lib/thumb/libg.a(libc_a-findfp.o)
 *fill*         0x0300197c        0x4 
 .bss.__sf      0x03001980      0x168 /opt/devkitpro/devkitARM/bin/../lib/gcc/arm-none-eabi/14.2.0/../../../../arm-none-eabi/lib/thumb/libg.a(libc_a-findfp.o)
                0x03001980                __sf
 .bss.__stdio_exit_handler
                0x03001ae8        0x4 /opt/devkitpro/devkitARM/bin/../lib/gcc/arm-none-eabi/14.2.0/../../../../arm-none-eabi/lib/thumb/libg.a(libc_a-findfp.o)
                0x03001ae8                __stdio_exit_handler
 .bss.__hndl_lock
                0x03001aec        0x4 /opt/devkitpro/devkitARM/bin/../lib/gcc/arm-none-eabi/14.2.0/../../../../arm-none-eabi/lib/thumb/libsysbase.a(libsysbase_libsysbase_a-handle_manager.o)
 .bss.fake_heap_start
                0x03001af0        0x4 /opt/devkitpro/devkitARM/bin/../lib/gcc/arm-none-eabi/14.2.0/../../../../arm-none-eabi/lib/thumb/libsysbase.a(libsysbase_libsysbase_a-malloc_vars.o)
                0x03001af0                fake_heap_start
 .bss.fake_heap_end
                0x03001af4        0x4 /opt/devkitpro/devkitARM/bin/../lib/gcc/arm-none-eabi/14.2.0/../../../../arm-none-eabi/lib/thumb/libsysbase.a(libsysbase_libsysbase_a-malloc_vars.o)
                0x03001af4                fake_heap_end
 .bss.heap_start.0
                0x03001af8        0x4 /opt/devkitpro/devkitARM/bin/../lib/gcc/arm-none-eabi/14.2.0/../../../../arm-none-eabi/lib/thumb/libsysbase.a(libsysbase_libsysbase_a-sbrk.o)
 *(COMMON)
                0x03001afc                        . = ALIGN (0x4)
                0x03001afc                        __bss_end__ = ABSOLUTE (.)

.data           0x03001afc     0x1a04 load address 0x082eafac
                0x03001afc                        __data_start__ = ABSOLUTE (.)
 *(.data*)
 *fill*         0x03001afc        0x4 ff
 .data          0x03001b00      0x128 coregba.o
 .data          0x03001c28        0x2 main.o
 *fill*         0x03001c2a        0x6 ff
 .data          0x03001c30      0x170 game.o
 .data.__global_locale
                0x03001da0      0x16c /opt/devkitpro/devkitARM/bin/../lib/gcc/arm-none-eabi/14.2.0/../../../../arm-none-eabi/lib/thumb/libg.a(libc_a-locale.o)
                0x03001da0                __global_locale
 .data.__malloc_sbrk_base
                0x03001f0c        0x4 /opt/devkitpro/devkitARM/bin/../lib/gcc/arm-none-eabi/14.2.0/../../../../arm-none-eabi/lib/thumb/libg.a(libc_a-mallocr.o)
                0x03001f0c                __malloc_sbrk_base
 .data.__malloc_trim_threshold
                0x03001f10        0x4 /opt/devkitpro/devkitARM/bin/../lib/gcc/arm-none-eabi/14.2.0/../../../../arm-none-eabi/lib/thumb/libg.a(libc_a-mallocr.o)
                0x03001f10                __malloc_trim_threshold
 *fill*         0x03001f14        0x4 ff
 .data.__malloc_av_
                0x03001f18      0x408 /opt/devkitpro/devkitARM/bin/../lib/gcc/arm-none-eabi/14.2.0/../../../../arm-none-eabi/lib/thumb/libg.a(libc_a-mallocr.o)
                0x03001f18                __malloc_av_
 .data.__sglue  0x03002320        0xc /opt/devkitpro/devkitARM/bin/../lib/gcc/arm-none-eabi/14.2.0/../../../../arm-none-eabi/lib/thumb/libg.a(libc_a-findfp.o)
                0x03002320                __sglue
 .data._impure_ptr
                0x0300232c        0x4 /opt/devkitpro/devkitARM/bin/../lib/gcc/arm-none-eabi/14.2.0/../../../../arm-none-eabi/lib/thumb/libg.a(libc_a-impure.o)
                0x0300232c                _impure_ptr
 .data._impure_data
                0x03002330      0x120 /opt/devkitpro/devkitARM/bin/../lib/gcc/arm-none-eabi/14.2.0/../../../../arm-none-eabi/lib/thumb/libg.a(libc_a-impure.o)
                0x03002330                _impure_data
 .data.handles  0x03002450     0x1000 /opt/devkitpro/devkitARM/bin/../lib/gcc/arm-none-eabi/14.2.0/../../../../arm-none-eabi/lib/thumb/libsysbase.a(libsysbase_libsysbase_a-handle_manager.o)
 .data.__stderr_handle
                0x03003450        0xc /opt/devkitpro/devkitARM/bin/../lib/gcc/arm-none-eabi/14.2.0/../../../../arm-none-eabi/lib/thumb/libsysbase.a(libsysbase_libsysbase_a-handle_manager.o)
 .data.__stdout_handle
                0x0300345c        0xc /opt/devkitpro/devkitARM/bin/../lib/gcc/arm-none-eabi/14.2.0/../../../../arm-none-eabi/lib/thumb/libsysbase.a(libsysbase_libsysbase_a-handle_manager.o)
 .data.__stdin_handle
                0x03003468        0xc /opt/devkitpro/devkitARM/bin/../lib/gcc/arm-none-eabi/14.2.0/../../../../arm-none-eabi/lib/thumb/libsysbase.a(libsysbase_libsysbase_a-handle_manager.o)
 .data.devoptab_list
                0x03003474       0x8c /opt/devkitpro/devkitARM/bin/../lib/gcc/arm-none-eabi/14.2.0/../../../../arm-none-eabi/lib/thumb/libsysbase.a(libsysbase_libsysbase_a-iosupport.o)
                0x03003474                devoptab_list
 *(.gnu.linkonce.d*)
                0x03003500                        . = ALIGN (0x4)
                0x082ec9b0                        __preinit_lma = (__data_lma + SIZEOF (.data))

.igot.plt       0x03003500        0x0 load address 0x082ec9b0
 .igot.plt      0x03003500        0x0 /opt/devkitpro/devkitARM/bin/../lib/gcc/arm-none-eabi/14.2.0/../../../../arm-none-eabi/lib/thumb/gba_crt0.o

.preinit_array  0x03003500        0x0 load address 0x082ec9b0
                0x03003500                        __preinit_array_start = ABSOLUTE (.)
 *(.preinit_array)
                0x03003500                        __preinit_array_end = ABSOLUTE (.)
                0x082ec9b0                        __init_lma = (__preinit_lma + SIZEOF (.preinit_array))

.init_array     0x03003500        0x4 load address 0x082ec9b0
                0x03003500                        __init_array_start = ABSOLUTE (.)
 *(SORT_BY_NAME(.init_array.*))
 *(.init_array)
 .init_array    0x03003500        0x4 /opt/devkitpro/devkitARM/bin/../lib/gcc/arm-none-eabi/14.2.0/thumb/crtbegin.o
                0x03003504                        __init_array_end = ABSOLUTE (.)
                0x082ec9b4                        __fini_lma = (__init_lma + SIZEOF (.init_array))

.fini_array     0x03003504        0x4 load address 0x082ec9b4
                0x03003504                        __fini_array_start = ABSOLUTE (.)
 *(SORT_BY_NAME(.fini_array.*))
 *(.fini_array)
 .fini_array    0x03003504        0x4 /opt/devkitpro/devkitARM/bin/../lib/gcc/arm-none-eabi/14.2.0/thumb/crtbegin.o
                0x03003508                        __fini_array_end = ABSOLUTE (.)
                0x082ec9b8                        __jcr_lma = (__fini_lma + SIZEOF (.fini_array))

.jcr
 *(.jcr)
                0x03003508                        __data_end__ = ABSOLUTE (.)
                0x082ec9b8                        __iwram_overlay_lma = (__jcr_lma + SIZEOF (.jcr))
                0x03003508                        __iwram_overlay_start = .

.iwram0         0x03003508        0x0 load address 0x082ec9b8
 *(.iwram0)
                0x03003508                        . = ALIGN (0x4)
                0x082ec9b8                        PROVIDE (__load_start_iwram0 = LOADADDR (.iwram0))
                0x082ec9b8                        PROVIDE (__load_stop_iwram0 = (LOADADDR (.iwram0) + SIZEOF (.iwram0)))

.iwram1         0x03003508        0x0
 *(.iwram1)
                0x03003508                        . = ALIGN (0x4)
                [!provide]                        PROVIDE (__load_start_iwram1 = LOADADDR (.iwram1))
                [!provide]                        PROVIDE (__load_stop_iwram1 = (LOADADDR (.iwram1) + SIZEOF (.iwram1)))

.iwram2         0x03003508        0x0
 *(.iwram2)
                0x03003508                        . = ALIGN (0x4)
                [!provide]                        PROVIDE (__load_start_iwram2 = LOADADDR (.iwram2))
                [!provide]                        PROVIDE (__load_stop_iwram2 = (LOADADDR (.iwram2) + SIZEOF (.iwram2)))

.iwram3         0x03003508        0x0
 *(.iwram3)
                0x03003508                        . = ALIGN (0x4)
                [!provide]                        PROVIDE (__load_start_iwram3 = LOADADDR (.iwram3))
                [!provide]                        PROVIDE (__load_stop_iwram3 = (LOADADDR (.iwram3) + SIZEOF (.iwram3)))

.iwram4         0x03003508        0x0
 *(.iwram4)
                0x03003508                        . = ALIGN (0x4)
                [!provide]                        PROVIDE (__load_start_iwram4 = LOADADDR (.iwram4))
                [!provide]                        PROVIDE (__load_stop_iwram4 = (LOADADDR (.iwram4) + SIZEOF (.iwram4)))

.iwram5         0x03003508        0x0
 *(.iwram5)
                0x03003508                        . = ALIGN (0x4)
                [!provide]                        PROVIDE (__load_start_iwram5 = LOADADDR (.iwram5))
                [!provide]                        PROVIDE (__load_stop_iwram5 = (LOADADDR (.iwram5) + SIZEOF (.iwram5)))

.iwram6         0x03003508        0x0
 *(.iwram6)
                0x03003508                        . = ALIGN (0x4)
                [!provide]                        PROVIDE (__load_start_iwram6 = LOADADDR (.iwram6))
                [!provide]                        PROVIDE (__load_stop_iwram6 = (LOADADDR (.iwram6) + SIZEOF (.iwram6)))

.iwram7         0x03003508        0x0
 *(.iwram7)
                0x03003508                        . = ALIGN (0x4)
                [!provide]                        PROVIDE (__load_start_iwram7 = LOADADDR (.iwram7))
                [!provide]                        PROVIDE (__load_stop_iwram7 = (LOADADDR (.iwram7) + SIZEOF (.iwram7)))

.iwram8         0x03003508        0x0
 *(.iwram8)
                0x03003508                        . = ALIGN (0x4)
                [!provide]                        PROVIDE (__load_start_iwram8 = LOADADDR (.iwram8))
                [!provide]                        PROVIDE (__load_stop_iwram8 = (LOADADDR (.iwram8) + SIZEOF (.iwram8)))

.iwram9         0x03003508        0x0
 *(.iwram9)
                0x03003508                        . = ALIGN (0x4)
                [!provide]                        PROVIDE (__load_start_iwram9 = LOADADDR (.iwram9))
                [!provide]                        PROVIDE (__load_stop_iwram9 = (LOADADDR (.iwram9) + SIZEOF (.iwram9)))
                0x03003508                        __iwram_overlay_end = .
                0x082ec9b8                        __ewram_lma = (__iwram_overlay_lma + (__iwram_overlay_end - __iwram_overlay_start))
                0x03003508                        __iheap_start = .
                0x02000000                        __ewram_start = ORIGIN (ewram)

.ewram          0x02000000    0x15624 load address 0x082ec9b8
 *(.ewram*)
 .ewram         0x02000000    0x11010 coresys_malloc.o
                0x02000000                _mem_heap
                0x02010000                _sectors
                0x02011000                _mmap
 .ewram         0x02011010      0x614 bg_dobj.o
                0x02011010                _DOBJ
 .ewram         0x02011624     0x4000 areas.o
                0x02011624                _area_data
                0x02015624                        . = ALIGN (0x4)
                0x02015624                        __ewram_end = ABSOLUTE (.)
                0x08301fdc                        __pad_lma = (__ewram_lma + SIZEOF (.ewram))

.sbss           0x02015624        0x0
                0x02015624                        __sbss_start__ = ABSOLUTE (.)
 *(.sbss*)
                0x02015624                        . = ALIGN (0x4)
                0x02015624                        __sbss_end__ = ABSOLUTE (.)
                0x02015624                        __end__ = ABSOLUTE (.)
                0x02015624                        __eheap_start = ABSOLUTE (.)

.pad            0x02015624        0x8 load address 0x08301fdc
                0x02015624        0x4 LONG 0x52416b64
                0x02015628        0x4 LONG 0x4d
                0x0201562c                        . = ALIGN (0x4)
                0x08301fe4                        __rom_end__ = (__pad_lma + SIZEOF (.pad))

.rel.dyn        0x0201562c        0x0 load address 0x08301fe4
 .rel.iplt      0x0201562c        0x0 /opt/devkitpro/devkitARM/bin/../lib/gcc/arm-none-eabi/14.2.0/../../../../arm-none-eabi/lib/thumb/gba_crt0.o

.stab
 *(.stab)

.stabstr
 *(.stabstr)

.stab.excl
 *(.stab.excl)

.stab.exclstr
 *(.stab.exclstr)

.stab.index
 *(.stab.index)

.stab.indexstr
 *(.stab.indexstr)

.comment        0x00000000       0x46
 *(.comment)
 .comment       0x00000000       0x46 /opt/devkitpro/devkitARM/bin/../lib/gcc/arm-none-eabi/14.2.0/thumb/crtbegin.o
                                 0x24 (size before relaxing)
 .comment       0x00000046       0x24 coregba.o
 .comment       0x00000046       0x24 coreutil_math.o
 .comment       0x00000046       0x24 coreutil_memory.o
 .comment       0x00000046       0x24 coreutil_rand.o
 .comment       0x00000046       0x24 coreutil_string.o
 .comment       0x00000046       0x24 coreutil_va.o
 .comment       0x00000046       0x24 corekey_code.o
 .comment       0x00000046       0x24 corekey_num.o
 .comment       0x00000046       0x24 corectx_gcm.o
 .comment       0x00000046       0x24 corectx_virtual.o
 .comment       0x00000046       0x24 coregfx_basics.o
 .comment       0x00000046       0x24 coregfx_circle.o
 .comment       0x00000046       0x24 coregfx_color.o
 .comment       0x00000046       0x24 coregfx_colorpicker.o
 .comment       0x00000046       0x24 coregfx_glyphs.o
 .comment       0x00000046       0x24 coregfx_rectangle.o
 .comment       0x00000046       0x24 coregfx_sprites.o
 .comment       0x00000046       0x24 coregfx_sprites_pal.o
 .comment       0x00000046       0x24 coregfx_text.o
 .comment       0x00000046       0x24 coretask_irq.o
 .comment       0x00000046       0x24 coretask_rendering.o
 .comment       0x00000046       0x24 coretask_run.o
 .comment       0x00000046       0x24 coresave_eeprom.o
 .comment       0x00000046       0x24 coresys_audio.o
 .comment       0x00000046       0x24 coresys_clock.o
 .comment       0x00000046       0x24 coresys_cpu.o
 .comment       0x00000046       0x24 coresys_malloc.o
 .comment       0x00000046       0x24 coresys_mix_audio.o
 .comment       0x00000046       0x24 coresys_playtime.o
 .comment       0x00000046       0x24 main.o
 .comment       0x00000046       0x24 game.o
 .comment       0x00000046       0x24 sprite_ground.o
 .comment       0x00000046       0x24 sprite_link.o
 .comment       0x00000046       0x24 sprite_objects.o
 .comment       0x00000046       0x24 sprite_stairs.o
 .comment       0x00000046       0x24 sprite_walls.o
 .comment       0x00000046       0x24 bg_dobj.o
 .comment       0x00000046       0x24 bg_map.o
 .comment       0x00000046       0x24 bg_sav.o
 .comment       0x00000046       0x24 bg_settings.o
 .comment       0x00000046       0x24 bg_stats.o
 .comment       0x00000046       0x24 bg_trophies.o
 .comment       0x00000046       0x24 bg_user.o
 .comment       0x00000046       0x24 client_camera.o
 .comment       0x00000046       0x24 client_command.o
 .comment       0x00000046       0x24 menu_controls.o
 .comment       0x00000046       0x24 menu_main.o
 .comment       0x00000046       0x24 menu_map_custom.o
 .comment       0x00000046       0x24 menu_options.o
 .comment       0x00000046       0x24 menu_play.o
 .comment       0x00000046       0x24 menu_reset_stats.o
 .comment       0x00000046       0x24 menu_skin_color.o
 .comment       0x00000046       0x24 menu_stats.o
 .comment       0x00000046       0x24 menu_trophies.o
 .comment       0x00000046       0x24 submenu.o
 .comment       0x00000046       0x24 area_01.o
 .comment       0x00000046       0x24 area_data.o
 .comment       0x00000046       0x24 areas.o
 .comment       0x00000046       0x24 /opt/devkitpro/libgba/lib/libgba.a(CpuSet.o)
 .comment       0x00000046       0x24 /opt/devkitpro/libgba/lib/libgba.a(interrupt.o)
 .comment       0x00000046       0x24 /opt/devkitpro/devkitARM/bin/../lib/gcc/arm-none-eabi/14.2.0/../../../../arm-none-eabi/lib/thumb/libg.a(libc_a-vsnprintf.o)
 .comment       0x00000046       0x24 /opt/devkitpro/devkitARM/bin/../lib/gcc/arm-none-eabi/14.2.0/../../../../arm-none-eabi/lib/thumb/libg.a(libc_a-svfprintf.o)
 .comment       0x00000046       0x24 /opt/devkitpro/devkitARM/bin/../lib/gcc/arm-none-eabi/14.2.0/../../../../arm-none-eabi/lib/thumb/libg.a(libc_a-memcpy-stub.o)
 .comment       0x00000046       0x24 /opt/devkitpro/devkitARM/bin/../lib/gcc/arm-none-eabi/14.2.0/../../../../arm-none-eabi/lib/thumb/libg.a(libc_a-memset.o)
 .comment       0x00000046       0x24 /opt/devkitpro/devkitARM/bin/../lib/gcc/arm-none-eabi/14.2.0/../../../../arm-none-eabi/lib/thumb/libg.a(libc_a-snprintf.o)
 .comment       0x00000046       0x24 /opt/devkitpro/devkitARM/bin/../lib/gcc/arm-none-eabi/14.2.0/../../../../arm-none-eabi/lib/thumb/libg.a(libc_a-strncpy.o)
 .comment       0x00000046       0x24 /opt/devkitpro/devkitARM/bin/../lib/gcc/arm-none-eabi/14.2.0/../../../../arm-none-eabi/lib/thumb/libg.a(libc_a-wcsrtombs.o)
 .comment       0x00000046       0x24 /opt/devkitpro/devkitARM/bin/../lib/gcc/arm-none-eabi/14.2.0/../../../../arm-none-eabi/lib/thumb/libg.a(libc_a-svfiprintf.o)
 .comment       0x00000046       0x24 /opt/devkitpro/devkitARM/bin/../lib/gcc/arm-none-eabi/14.2.0/../../../../arm-none-eabi/lib/thumb/libg.a(libc_a-init.o)
 .comment       0x00000046       0x24 /opt/devkitpro/devkitARM/bin/../lib/gcc/arm-none-eabi/14.2.0/../../../../arm-none-eabi/lib/thumb/libg.a(libm_a-s_frexp.o)
 .comment       0x00000046       0x24 /opt/devkitpro/devkitARM/bin/../lib/gcc/arm-none-eabi/14.2.0/../../../../arm-none-eabi/lib/thumb/libg.a(libc_a-strlen-stub.o)
 .comment       0x00000046       0x24 /opt/devkitpro/devkitARM/bin/../lib/gcc/arm-none-eabi/14.2.0/../../../../arm-none-eabi/lib/thumb/libg.a(libc_a-locale.o)
 .comment       0x00000046       0x24 /opt/devkitpro/devkitARM/bin/../lib/gcc/arm-none-eabi/14.2.0/../../../../arm-none-eabi/lib/thumb/libg.a(libc_a-ssprint_r.o)
 .comment       0x00000046       0x24 /opt/devkitpro/devkitARM/bin/../lib/gcc/arm-none-eabi/14.2.0/../../../../arm-none-eabi/lib/thumb/libg.a(libc_a-memchr-stub.o)
 .comment       0x00000046       0x24 /opt/devkitpro/devkitARM/bin/../lib/gcc/arm-none-eabi/14.2.0/../../../../arm-none-eabi/lib/thumb/libg.a(libc_a-wcsnrtombs.o)
 .comment       0x00000046       0x24 /opt/devkitpro/devkitARM/bin/../lib/gcc/arm-none-eabi/14.2.0/../../../../arm-none-eabi/lib/thumb/libg.a(libc_a-mbtowc_r.o)
 .comment       0x00000046       0x24 /opt/devkitpro/devkitARM/bin/../lib/gcc/arm-none-eabi/14.2.0/../../../../arm-none-eabi/lib/thumb/libg.a(libc_a-localeconv.o)
 .comment       0x00000046       0x24 /opt/devkitpro/devkitARM/bin/../lib/gcc/arm-none-eabi/14.2.0/../../../../arm-none-eabi/lib/thumb/libg.a(libc_a-mallocr.o)
 .comment       0x00000046       0x24 /opt/devkitpro/devkitARM/bin/../lib/gcc/arm-none-eabi/14.2.0/../../../../arm-none-eabi/lib/thumb/libg.a(libc_a-dtoa.o)
 .comment       0x00000046       0x24 /opt/devkitpro/devkitARM/bin/../lib/gcc/arm-none-eabi/14.2.0/../../../../arm-none-eabi/lib/thumb/libg.a(libc_a-wcrtomb.o)
 .comment       0x00000046       0x24 /opt/devkitpro/devkitARM/bin/../lib/gcc/arm-none-eabi/14.2.0/../../../../arm-none-eabi/lib/thumb/libg.a(libc_a-freer.o)
 .comment       0x00000046       0x24 /opt/devkitpro/devkitARM/bin/../lib/gcc/arm-none-eabi/14.2.0/../../../../arm-none-eabi/lib/thumb/libg.a(libc_a-errno.o)
 .comment       0x00000046       0x24 /opt/devkitpro/devkitARM/bin/../lib/gcc/arm-none-eabi/14.2.0/../../../../arm-none-eabi/lib/thumb/libg.a(libc_a-ctype_.o)
 .comment       0x00000046       0x24 /opt/devkitpro/devkitARM/bin/../lib/gcc/arm-none-eabi/14.2.0/../../../../arm-none-eabi/lib/thumb/libg.a(libc_a-ssputs_r.o)
 .comment       0x00000046       0x24 /opt/devkitpro/devkitARM/bin/../lib/gcc/arm-none-eabi/14.2.0/../../../../arm-none-eabi/lib/thumb/libg.a(libc_a-mlock.o)
 .comment       0x00000046       0x24 /opt/devkitpro/devkitARM/bin/../lib/gcc/arm-none-eabi/14.2.0/../../../../arm-none-eabi/lib/thumb/libg.a(libc_a-wctomb_r.o)
 .comment       0x00000046       0x24 /opt/devkitpro/devkitARM/bin/../lib/gcc/arm-none-eabi/14.2.0/../../../../arm-none-eabi/lib/thumb/libg.a(libc_a-memmove.o)
 .comment       0x00000046       0x24 /opt/devkitpro/devkitARM/bin/../lib/gcc/arm-none-eabi/14.2.0/../../../../arm-none-eabi/lib/thumb/libg.a(libc_a-assert.o)
 .comment       0x00000046       0x24 /opt/devkitpro/devkitARM/bin/../lib/gcc/arm-none-eabi/14.2.0/../../../../arm-none-eabi/lib/thumb/libg.a(libc_a-mprec.o)
 .comment       0x00000046       0x24 /opt/devkitpro/devkitARM/bin/../lib/gcc/arm-none-eabi/14.2.0/../../../../arm-none-eabi/lib/thumb/libg.a(libc_a-fiprintf.o)
 .comment       0x00000046       0x24 /opt/devkitpro/devkitARM/bin/../lib/gcc/arm-none-eabi/14.2.0/../../../../arm-none-eabi/lib/thumb/libg.a(libc_a-abort.o)
 .comment       0x00000046       0x24 /opt/devkitpro/devkitARM/bin/../lib/gcc/arm-none-eabi/14.2.0/../../../../arm-none-eabi/lib/thumb/libg.a(libc_a-callocr.o)
 .comment       0x00000046       0x24 /opt/devkitpro/devkitARM/bin/../lib/gcc/arm-none-eabi/14.2.0/../../../../arm-none-eabi/lib/thumb/libg.a(libc_a-reallocr.o)
 .comment       0x00000046       0x24 /opt/devkitpro/devkitARM/bin/../lib/gcc/arm-none-eabi/14.2.0/../../../../arm-none-eabi/lib/thumb/libg.a(libc_a-signal.o)
 .comment       0x00000046       0x24 /opt/devkitpro/devkitARM/bin/../lib/gcc/arm-none-eabi/14.2.0/../../../../arm-none-eabi/lib/thumb/libg.a(libc_a-vfiprintf.o)
 .comment       0x00000046       0x24 /opt/devkitpro/devkitARM/bin/../lib/gcc/arm-none-eabi/14.2.0/../../../../arm-none-eabi/lib/thumb/libg.a(libc_a-sprint_r.o)
 .comment       0x00000046       0x24 /opt/devkitpro/devkitARM/bin/../lib/gcc/arm-none-eabi/14.2.0/../../../../arm-none-eabi/lib/thumb/libg.a(libc_a-findfp.o)
 .comment       0x00000046       0x24 /opt/devkitpro/devkitARM/bin/../lib/gcc/arm-none-eabi/14.2.0/../../../../arm-none-eabi/lib/thumb/libg.a(libc_a-fwalk.o)
 .comment       0x00000046       0x24 /opt/devkitpro/devkitARM/bin/../lib/gcc/arm-none-eabi/14.2.0/../../../../arm-none-eabi/lib/thumb/libg.a(libc_a-wsetup.o)
 .comment       0x00000046       0x24 /opt/devkitpro/devkitARM/bin/../lib/gcc/arm-none-eabi/14.2.0/../../../../arm-none-eabi/lib/thumb/libg.a(libc_a-fflush.o)
 .comment       0x00000046       0x24 /opt/devkitpro/devkitARM/bin/../lib/gcc/arm-none-eabi/14.2.0/../../../../arm-none-eabi/lib/thumb/libg.a(libc_a-impure.o)
 .comment       0x00000046       0x24 /opt/devkitpro/devkitARM/bin/../lib/gcc/arm-none-eabi/14.2.0/../../../../arm-none-eabi/lib/thumb/libg.a(libc_a-fvwrite.o)
 .comment       0x00000046       0x24 /opt/devkitpro/devkitARM/bin/../lib/gcc/arm-none-eabi/14.2.0/../../../../arm-none-eabi/lib/thumb/libg.a(libc_a-stdio.o)
 .comment       0x00000046       0x24 /opt/devkitpro/devkitARM/bin/../lib/gcc/arm-none-eabi/14.2.0/../../../../arm-none-eabi/lib/thumb/libg.a(libc_a-fclose.o)
 .comment       0x00000046       0x24 /opt/devkitpro/devkitARM/bin/../lib/gcc/arm-none-eabi/14.2.0/../../../../arm-none-eabi/lib/thumb/libg.a(libc_a-makebuf.o)
 .comment       0x00000046       0x24 /opt/devkitpro/devkitARM/bin/../lib/gcc/arm-none-eabi/14.2.0/../../../../arm-none-eabi/lib/thumb/libg.a(libc_a-malignr.o)
 .comment       0x00000046       0x24 /opt/devkitpro/devkitARM/bin/../lib/gcc/arm-none-eabi/14.2.0/../../../../arm-none-eabi/lib/thumb/libsysbase.a(libsysbase_libsysbase_a-_exit.o)
 .comment       0x00000046       0x24 /opt/devkitpro/devkitARM/bin/../lib/gcc/arm-none-eabi/14.2.0/../../../../arm-none-eabi/lib/thumb/libsysbase.a(libsysbase_libsysbase_a-fstat.o)
 .comment       0x00000046       0x24 /opt/devkitpro/devkitARM/bin/../lib/gcc/arm-none-eabi/14.2.0/../../../../arm-none-eabi/lib/thumb/libsysbase.a(libsysbase_libsysbase_a-getpid.o)
 .comment       0x00000046       0x24 /opt/devkitpro/devkitARM/bin/../lib/gcc/arm-none-eabi/14.2.0/../../../../arm-none-eabi/lib/thumb/libsysbase.a(libsysbase_libsysbase_a-getreent.o)
 .comment       0x00000046       0x24 /opt/devkitpro/devkitARM/bin/../lib/gcc/arm-none-eabi/14.2.0/../../../../arm-none-eabi/lib/thumb/libsysbase.a(libsysbase_libsysbase_a-handle_manager.o)
 .comment       0x00000046       0x24 /opt/devkitpro/devkitARM/bin/../lib/gcc/arm-none-eabi/14.2.0/../../../../arm-none-eabi/lib/thumb/libsysbase.a(libsysbase_libsysbase_a-iosupport.o)
 .comment       0x00000046       0x24 /opt/devkitpro/devkitARM/bin/../lib/gcc/arm-none-eabi/14.2.0/../../../../arm-none-eabi/lib/thumb/libsysbase.a(libsysbase_libsysbase_a-isatty.o)
 .comment       0x00000046       0x24 /opt/devkitpro/devkitARM/bin/../lib/gcc/arm-none-eabi/14.2.0/../../../../arm-none-eabi/lib/thumb/libsysbase.a(libsysbase_libsysbase_a-kill.o)
 .comment       0x00000046       0x24 /opt/devkitpro/devkitARM/bin/../lib/gcc/arm-none-eabi/14.2.0/../../../../arm-none-eabi/lib/thumb/libsysbase.a(libsysbase_libsysbase_a-lseek.o)
 .comment       0x00000046       0x24 /opt/devkitpro/devkitARM/bin/../lib/gcc/arm-none-eabi/14.2.0/../../../../arm-none-eabi/lib/thumb/libsysbase.a(libsysbase_libsysbase_a-malloc_vars.o)
 .comment       0x00000046       0x24 /opt/devkitpro/devkitARM/bin/../lib/gcc/arm-none-eabi/14.2.0/../../../../arm-none-eabi/lib/thumb/libsysbase.a(libsysbase_libsysbase_a-read.o)
 .comment       0x00000046       0x24 /opt/devkitpro/devkitARM/bin/../lib/gcc/arm-none-eabi/14.2.0/../../../../arm-none-eabi/lib/thumb/libsysbase.a(libsysbase_libsysbase_a-sbrk.o)
 .comment       0x00000046       0x24 /opt/devkitpro/devkitARM/bin/../lib/gcc/arm-none-eabi/14.2.0/../../../../arm-none-eabi/lib/thumb/libsysbase.a(libsysbase_libsysbase_a-syscall_support.o)
 .comment       0x00000046       0x24 /opt/devkitpro/devkitARM/bin/../lib/gcc/arm-none-eabi/14.2.0/../../../../arm-none-eabi/lib/thumb/libsysbase.a(libsysbase_libsysbase_a-write.o)
 .comment       0x00000046       0x24 /opt/devkitpro/devkitARM/bin/../lib/gcc/arm-none-eabi/14.2.0/thumb/libgcc.a(_udivmoddi4.o)
 .comment       0x00000046       0x24 /opt/devkitpro/devkitARM/bin/../lib/gcc/arm-none-eabi/14.2.0/../../../../arm-none-eabi/lib/thumb/libg.a(libc_a-malloc.o)
 .comment       0x00000046       0x24 /opt/devkitpro/devkitARM/bin/../lib/gcc/arm-none-eabi/14.2.0/thumb/crtend.o

.debug
 *(.debug)

.line
 *(.line)

.debug_srcinfo
 *(.debug_srcinfo)

.debug_sfnames
 *(.debug_sfnames)

.debug_aranges  0x00000000       0x60
 *(.debug_aranges)
 .debug_aranges
                0x00000000       0x20 /opt/devkitpro/libgba/lib/libgba.a(CpuSet.o)
 .debug_aranges
                0x00000020       0x20 /opt/devkitpro/libgba/lib/libgba.a(interrupt.o)
 .debug_aranges
                0x00000040       0x20 /opt/devkitpro/libgba/lib/libgba.a(InterruptDispatcher.o)

.debug_pubnames
 *(.debug_pubnames)

.debug_info     0x00000000      0x573
 *(.debug_info)
 .debug_info    0x00000000      0x136 /opt/devkitpro/libgba/lib/libgba.a(CpuSet.o)
 .debug_info    0x00000136      0x418 /opt/devkitpro/libgba/lib/libgba.a(interrupt.o)
 .debug_info    0x0000054e       0x25 /opt/devkitpro/libgba/lib/libgba.a(InterruptDispatcher.o)

.debug_abbrev   0x00000000      0x2d9
 *(.debug_abbrev)
 .debug_abbrev  0x00000000       0xa6 /opt/devkitpro/libgba/lib/libgba.a(CpuSet.o)
 .debug_abbrev  0x000000a6      0x21f /opt/devkitpro/libgba/lib/libgba.a(interrupt.o)
 .debug_abbrev  0x000002c5       0x14 /opt/devkitpro/libgba/lib/libgba.a(InterruptDispatcher.o)

.debug_line     0x00000000      0xb46
 *(.debug_line)
 .debug_line    0x00000000      0x17e /opt/devkitpro/libgba/lib/libgba.a(CpuSet.o)
 .debug_line    0x0000017e      0x950 /opt/devkitpro/libgba/lib/libgba.a(interrupt.o)
 .debug_line    0x00000ace       0x78 /opt/devkitpro/libgba/lib/libgba.a(InterruptDispatcher.o)

.debug_frame    0x00000000       0xe0
 *(.debug_frame)
 .debug_frame   0x00000000       0x30 /opt/devkitpro/libgba/lib/libgba.a(CpuSet.o)
 .debug_frame   0x00000030       0xb0 /opt/devkitpro/libgba/lib/libgba.a(interrupt.o)

.debug_str      0x00000000      0x3d2
 *(.debug_str)
 .debug_str     0x00000000      0x3d2 /opt/devkitpro/libgba/lib/libgba.a(CpuSet.o)
                                0x1a9 (size before relaxing)
 .debug_str     0x000003d2      0x334 /opt/devkitpro/libgba/lib/libgba.a(interrupt.o)
 .debug_str     0x000003d2       0xba /opt/devkitpro/libgba/lib/libgba.a(InterruptDispatcher.o)

.debug_loc
 *(.debug_loc)

.debug_macinfo
 *(.debug_macinfo)

.debug_weaknames
 *(.debug_weaknames)

.debug_funcnames
 *(.debug_funcnames)

.debug_typenames
 *(.debug_typenames)

.debug_varnames
 *(.debug_varnames)

.stack          0x00080000        0x0
                0x00080000                        _stack = .
 *(.stack)

.note.gnu.arm.ident
 *(.note.gnu.arm.ident)

.ARM.attributes
                0x00000000       0x2c
 *(.ARM.attributes)
 .ARM.attributes
                0x00000000       0x20 /opt/devkitpro/devkitARM/bin/../lib/gcc/arm-none-eabi/14.2.0/../../../../arm-none-eabi/lib/thumb/gba_crt0.o
 .ARM.attributes
                0x00000020       0x1c /opt/devkitpro/devkitARM/bin/../lib/gcc/arm-none-eabi/14.2.0/thumb/crti.o
 .ARM.attributes
                0x0000003c       0x2a /opt/devkitpro/devkitARM/bin/../lib/gcc/arm-none-eabi/14.2.0/thumb/crtbegin.o
 .ARM.attributes
                0x00000066       0x2a coregba.o
 .ARM.attributes
                0x00000090       0x2a coreutil_math.o
 .ARM.attributes
                0x000000ba       0x2a coreutil_memory.o
 .ARM.attributes
                0x000000e4       0x2a coreutil_rand.o
 .ARM.attributes
                0x0000010e       0x2a coreutil_string.o
 .ARM.attributes
                0x00000138       0x2a coreutil_va.o
 .ARM.attributes
                0x00000162       0x2a corekey_code.o
 .ARM.attributes
                0x0000018c       0x2a corekey_num.o
 .ARM.attributes
                0x000001b6       0x2a corectx_gcm.o
 .ARM.attributes
                0x000001e0       0x2a corectx_virtual.o
 .ARM.attributes
                0x0000020a       0x2a coregfx_basics.o
 .ARM.attributes
                0x00000234       0x2a coregfx_circle.o
 .ARM.attributes
                0x0000025e       0x2a coregfx_color.o
 .ARM.attributes
                0x00000288       0x2a coregfx_colorpicker.o
 .ARM.attributes
                0x000002b2       0x2a coregfx_glyphs.o
 .ARM.attributes
                0x000002dc       0x2a coregfx_rectangle.o
 .ARM.attributes
                0x00000306       0x2a coregfx_sprites.o
 .ARM.attributes
                0x00000330       0x2a coregfx_sprites_pal.o
 .ARM.attributes
                0x0000035a       0x2a coregfx_text.o
 .ARM.attributes
                0x00000384       0x2a coretask_irq.o
 .ARM.attributes
                0x000003ae       0x2a coretask_rendering.o
 .ARM.attributes
                0x000003d8       0x2a coretask_run.o
 .ARM.attributes
                0x00000402       0x2a coresave_eeprom.o
 .ARM.attributes
                0x0000042c       0x2a coresys_audio.o
 .ARM.attributes
                0x00000456       0x2a coresys_clock.o
 .ARM.attributes
                0x00000480       0x2a coresys_cpu.o
 .ARM.attributes
                0x000004aa       0x2a coresys_dma.o
 .ARM.attributes
                0x000004d4       0x2a coresys_malloc.o
 .ARM.attributes
                0x000004fe       0x2a coresys_mix_audio.o
 .ARM.attributes
                0x00000528       0x2a coresys_playtime.o
 .ARM.attributes
                0x00000552       0x2a main.o
 .ARM.attributes
                0x0000057c       0x2a game.o
 .ARM.attributes
                0x000005a6       0x2a sprite_ground.o
 .ARM.attributes
                0x000005d0       0x2a sprite_link.o
 .ARM.attributes
                0x000005fa       0x2a sprite_objects.o
 .ARM.attributes
                0x00000624       0x2a sprite_stairs.o
 .ARM.attributes
                0x0000064e       0x2a sprite_walls.o
 .ARM.attributes
                0x00000678       0x2a bg_dobj.o
 .ARM.attributes
                0x000006a2       0x2a bg_ia.o
 .ARM.attributes
                0x000006cc       0x2a bg_map.o
 .ARM.attributes
                0x000006f6       0x2a bg_map_custom.o
 .ARM.attributes
                0x00000720       0x2a bg_sav.o
 .ARM.attributes
                0x0000074a       0x2a bg_settings.o
 .ARM.attributes
                0x00000774       0x2a bg_stats.o
 .ARM.attributes
                0x0000079e       0x2a bg_trophies.o
 .ARM.attributes
                0x000007c8       0x2a bg_user.o
 .ARM.attributes
                0x000007f2       0x2a client_camera.o
 .ARM.attributes
                0x0000081c       0x2a client_command.o
 .ARM.attributes
                0x00000846       0x2a menu_controls.o
 .ARM.attributes
                0x00000870       0x2a menu_main.o
 .ARM.attributes
                0x0000089a       0x2a menu_map_custom.o
 .ARM.attributes
                0x000008c4       0x2a menu_options.o
 .ARM.attributes
                0x000008ee       0x2a menu_pause.o
 .ARM.attributes
                0x00000918       0x2a menu_play.o
 .ARM.attributes
                0x00000942       0x2a menu_reset_stats.o
 .ARM.attributes
                0x0000096c       0x2a menu_skin_color.o
 .ARM.attributes
                0x00000996       0x2a menu_stats.o
 .ARM.attributes
                0x000009c0       0x2a menu_trophies.o
 .ARM.attributes
                0x000009ea       0x2a print_submenu.o
 .ARM.attributes
                0x00000a14       0x2a submenu.o
 .ARM.attributes
                0x00000a3e       0x2a area_01.o
 .ARM.attributes
                0x00000a68       0x2a area_data.o
 .ARM.attributes
                0x00000a92       0x2a areas.o
 .ARM.attributes
                0x00000abc       0x2a /opt/devkitpro/libgba/lib/libgba.a(CpuSet.o)
 .ARM.attributes
                0x00000ae6       0x2a /opt/devkitpro/libgba/lib/libgba.a(interrupt.o)
 .ARM.attributes
                0x00000b10       0x1a /opt/devkitpro/libgba/lib/libgba.a(InterruptDispatcher.o)
 .ARM.attributes
                0x00000b2a       0x1c /opt/devkitpro/devkitARM/bin/../lib/gcc/arm-none-eabi/14.2.0/thumb/libgcc.a(_arm_mulsf3.o)
 .ARM.attributes
                0x00000b46       0x1c /opt/devkitpro/devkitARM/bin/../lib/gcc/arm-none-eabi/14.2.0/thumb/libgcc.a(_udivsi3.o)
 .ARM.attributes
                0x00000b62       0x1c /opt/devkitpro/devkitARM/bin/../lib/gcc/arm-none-eabi/14.2.0/thumb/libgcc.a(_divsi3.o)
 .ARM.attributes
                0x00000b7e       0x1c /opt/devkitpro/devkitARM/bin/../lib/gcc/arm-none-eabi/14.2.0/thumb/libgcc.a(_dvmd_tls.o)
 .ARM.attributes
                0x00000b9a       0x1c /opt/devkitpro/devkitARM/bin/../lib/gcc/arm-none-eabi/14.2.0/thumb/libgcc.a(_arm_addsubdf3.o)
 .ARM.attributes
                0x00000bb6       0x1c /opt/devkitpro/devkitARM/bin/../lib/gcc/arm-none-eabi/14.2.0/thumb/libgcc.a(_arm_cmpdf2.o)
 .ARM.attributes
                0x00000bd2       0x1c /opt/devkitpro/devkitARM/bin/../lib/gcc/arm-none-eabi/14.2.0/thumb/libgcc.a(_arm_addsubsf3.o)
 .ARM.attributes
                0x00000bee       0x1c /opt/devkitpro/devkitARM/bin/../lib/gcc/arm-none-eabi/14.2.0/thumb/libgcc.a(_arm_muldivsf3.o)
 .ARM.attributes
                0x00000c0a       0x1c /opt/devkitpro/devkitARM/bin/../lib/gcc/arm-none-eabi/14.2.0/thumb/libgcc.a(_arm_cmpsf2.o)
 .ARM.attributes
                0x00000c26       0x1c /opt/devkitpro/devkitARM/bin/../lib/gcc/arm-none-eabi/14.2.0/thumb/libgcc.a(_arm_fixsfsi.o)
 .ARM.attributes
                0x00000c42       0x1c /opt/devkitpro/devkitARM/bin/../lib/gcc/arm-none-eabi/14.2.0/thumb/libgcc.a(_arm_fixunssfsi.o)
 .ARM.attributes
                0x00000c5e       0x1c /opt/devkitpro/devkitARM/bin/../lib/gcc/arm-none-eabi/14.2.0/thumb/libgcc.a(_sync_none.o)
 .ARM.attributes
                0x00000c7a       0x2a /opt/devkitpro/devkitARM/bin/../lib/gcc/arm-none-eabi/14.2.0/../../../../arm-none-eabi/lib/thumb/libg.a(libc_a-vsnprintf.o)
 .ARM.attributes
                0x00000ca4       0x2a /opt/devkitpro/devkitARM/bin/../lib/gcc/arm-none-eabi/14.2.0/../../../../arm-none-eabi/lib/thumb/libg.a(libc_a-svfprintf.o)
 .ARM.attributes
                0x00000cce       0x2a /opt/devkitpro/devkitARM/bin/../lib/gcc/arm-none-eabi/14.2.0/../../../../arm-none-eabi/lib/thumb/libg.a(libc_a-memcpy-stub.o)
 .ARM.attributes
                0x00000cf8       0x2a /opt/devkitpro/devkitARM/bin/../lib/gcc/arm-none-eabi/14.2.0/../../../../arm-none-eabi/lib/thumb/libg.a(libc_a-memset.o)
 .ARM.attributes
                0x00000d22       0x2a /opt/devkitpro/devkitARM/bin/../lib/gcc/arm-none-eabi/14.2.0/../../../../arm-none-eabi/lib/thumb/libg.a(libc_a-snprintf.o)
 .ARM.attributes